[env] backend=cuda batch=60000 accumulate=5 chunk=12000 rank=64 T=8 noise_reuse=0
[data] train=60000 test=10000 dir=D:\Rust\snn_t1\mnist_data
epoch     0 | train_acc 0.0770 | best_train 0.0770 | val_acc 0.1040 | best_val 0.1040 | 10.38s | cum 10.4s
epoch    10 | train_acc 0.0820 | best_train 0.0820 | 1.31s | cum 23.8s
epoch    20 | train_acc 0.0876 | best_train 0.0876 | 1.31s | cum 36.9s
epoch    30 | train_acc 0.1032 | best_train 0.1032 | 1.32s | cum 50.0s
epoch    40 | train_acc 0.1171 | best_train 0.1171 | 1.31s | cum 63.2s
epoch    50 | train_acc 0.1108 | best_train 0.1171 | 1.31s | cum 76.3s
epoch    60 | train_acc 0.1054 | best_train 0.1171 | 1.32s | cum 89.4s
epoch    70 | train_acc 0.1053 | best_train 0.1171 | 1.31s | cum 102.5s
epoch    80 | train_acc 0.1045 | best_train 0.1171 | 1.31s | cum 115.6s
epoch    90 | train_acc 0.1058 | best_train 0.1171 | 1.31s | cum 128.7s
epoch   100 | train_acc 0.1077 | best_train 0.1171 | 1.31s | cum 141.8s
epoch   110 | train_acc 0.1086 | best_train 0.1171 | 1.31s | cum 154.9s
epoch   120 | train_acc 0.1073 | best_train 0.1171 | 1.31s | cum 168.0s
epoch   130 | train_acc 0.1073 | best_train 0.1171 | 1.31s | cum 181.1s
epoch   140 | train_acc 0.1103 | best_train 0.1171 | 1.31s | cum 194.2s
epoch   150 | train_acc 0.1144 | best_train 0.1171 | 1.31s | cum 207.3s
epoch   160 | train_acc 0.1184 | best_train 0.1184 | 1.31s | cum 220.7s
epoch   170 | train_acc 0.1218 | best_train 0.1226 | 1.31s | cum 233.9s
epoch   180 | train_acc 0.1234 | best_train 0.1235 | 1.31s | cum 247.0s
epoch   190 | train_acc 0.1259 | best_train 0.1267 | 1.31s | cum 260.1s
epoch   200 | train_acc 0.1321 | best_train 0.1321 | 1.31s | cum 273.3s
epoch   210 | train_acc 0.1384 | best_train 0.1384 | 1.32s | cum 286.4s
epoch   220 | train_acc 0.1450 | best_train 0.1450 | 1.31s | cum 299.5s
epoch   230 | train_acc 0.1550 | best_train 0.1550 | 1.31s | cum 312.6s
epoch   240 | train_acc 0.1684 | best_train 0.1684 | 1.33s | cum 325.8s
epoch   250 | train_acc 0.1848 | best_train 0.1848 | 1.31s | cum 338.9s
epoch   260 | train_acc 0.1983 | best_train 0.1983 | 1.33s | cum 352.1s
epoch   270 | train_acc 0.2130 | best_train 0.2139 | 1.31s | cum 365.3s
epoch   280 | train_acc 0.2307 | best_train 0.2307 | 1.31s | cum 378.4s
epoch   290 | train_acc 0.2471 | best_train 0.2471 | 1.31s | cum 391.5s
epoch   300 | train_acc 0.2617 | best_train 0.2617 | 1.31s | cum 404.7s
epoch   310 | train_acc 0.2749 | best_train 0.2749 | 1.31s | cum 417.8s
epoch   320 | train_acc 0.2839 | best_train 0.2842 | 1.31s | cum 430.9s
epoch   330 | train_acc 0.2921 | best_train 0.2926 | 1.33s | cum 444.1s
epoch   340 | train_acc 0.3019 | best_train 0.3019 | 1.31s | cum 457.3s
epoch   350 | train_acc 0.3091 | best_train 0.3091 | 1.32s | cum 470.4s
epoch   360 | train_acc 0.3109 | best_train 0.3129 | 1.31s | cum 483.5s
epoch   370 | train_acc 0.3164 | best_train 0.3166 | 1.31s | cum 496.7s
epoch   380 | train_acc 0.3252 | best_train 0.3252 | 1.31s | cum 509.8s
epoch   390 | train_acc 0.3286 | best_train 0.3297 | 1.20s | cum 523.2s
epoch   400 | train_acc 0.3322 | best_train 0.3338 | 1.32s | cum 536.4s
epoch   410 | train_acc 0.3400 | best_train 0.3400 | 1.31s | cum 549.5s
epoch   420 | train_acc 0.3424 | best_train 0.3425 | 1.32s | cum 562.7s
epoch   430 | train_acc 0.3453 | best_train 0.3461 | 1.31s | cum 575.8s
epoch   440 | train_acc 0.3506 | best_train 0.3507 | 1.31s | cum 589.0s
epoch   450 | train_acc 0.3557 | best_train 0.3557 | 1.31s | cum 602.1s
epoch   460 | train_acc 0.3607 | best_train 0.3607 | 1.31s | cum 615.3s
epoch   470 | train_acc 0.3648 | best_train 0.3648 | 1.33s | cum 628.5s
epoch   480 | train_acc 0.3673 | best_train 0.3676 | 1.31s | cum 641.6s
epoch   490 | train_acc 0.3722 | best_train 0.3722 | 1.32s | cum 654.8s
epoch   500 | train_acc 0.3769 | best_train 0.3778 | 1.31s | cum 668.1s
epoch   510 | train_acc 0.3820 | best_train 0.3820 | 1.32s | cum 681.3s
epoch   520 | train_acc 0.3821 | best_train 0.3838 | 1.32s | cum 694.4s
epoch   530 | train_acc 0.3885 | best_train 0.3889 | 1.32s | cum 707.6s
epoch   540 | train_acc 0.3941 | best_train 0.3941 | 1.32s | cum 720.8s
epoch   550 | train_acc 0.4022 | best_train 0.4022 | 1.32s | cum 734.0s
epoch   560 | train_acc 0.4075 | best_train 0.4075 | 1.32s | cum 747.1s
epoch   570 | train_acc 0.4161 | best_train 0.4162 | 1.32s | cum 760.3s
epoch   580 | train_acc 0.4255 | best_train 0.4255 | 1.31s | cum 773.5s
epoch   590 | train_acc 0.4326 | best_train 0.4326 | 1.32s | cum 786.7s
epoch   600 | train_acc 0.4431 | best_train 0.4431 | 1.32s | cum 799.9s
epoch   610 | train_acc 0.4521 | best_train 0.4521 | 1.32s | cum 813.2s
epoch   620 | train_acc 0.4632 | best_train 0.4632 | 1.31s | cum 826.6s
epoch   630 | train_acc 0.4769 | best_train 0.4769 | 1.32s | cum 839.8s
epoch   640 | train_acc 0.4910 | best_train 0.4910 | 1.32s | cum 853.0s
epoch   650 | train_acc 0.5170 | best_train 0.5170 | 1.32s | cum 866.1s
epoch   660 | train_acc 0.5419 | best_train 0.5422 | 1.32s | cum 879.3s
epoch   670 | train_acc 0.5668 | best_train 0.5668 | 1.31s | cum 892.5s
epoch   680 | train_acc 0.5886 | best_train 0.5886 | 1.32s | cum 905.7s
epoch   690 | train_acc 0.6046 | best_train 0.6046 | 1.32s | cum 918.9s
epoch   700 | train_acc 0.6178 | best_train 0.6178 | 1.31s | cum 932.0s
epoch   710 | train_acc 0.6349 | best_train 0.6349 | 1.32s | cum 945.2s
epoch   720 | train_acc 0.6464 | best_train 0.6464 | 1.32s | cum 958.4s
epoch   730 | train_acc 0.6589 | best_train 0.6589 | 1.33s | cum 971.6s
epoch   740 | train_acc 0.6694 | best_train 0.6697 | 1.31s | cum 984.8s
epoch   750 | train_acc 0.6769 | best_train 0.6795 | 1.32s | cum 998.0s
epoch   760 | train_acc 0.6894 | best_train 0.6894 | 1.32s | cum 1011.1s
epoch   770 | train_acc 0.6963 | best_train 0.6975 | 1.32s | cum 1024.4s
epoch   780 | train_acc 0.7020 | best_train 0.7020 | 1.32s | cum 1037.5s
epoch   790 | train_acc 0.7095 | best_train 0.7095 | 1.32s | cum 1050.7s
epoch   800 | train_acc 0.7136 | best_train 0.7139 | 1.32s | cum 1063.9s
epoch   810 | train_acc 0.7207 | best_train 0.7211 | 1.31s | cum 1077.1s
epoch   820 | train_acc 0.7276 | best_train 0.7287 | 1.32s | cum 1090.3s
epoch   830 | train_acc 0.7332 | best_train 0.7332 | 1.32s | cum 1103.4s
epoch   840 | train_acc 0.7388 | best_train 0.7388 | 1.31s | cum 1116.6s
epoch   850 | train_acc 0.7429 | best_train 0.7429 | 1.32s | cum 1130.1s
epoch   860 | train_acc 0.7483 | best_train 0.7483 | 1.31s | cum 1143.3s
epoch   870 | train_acc 0.7498 | best_train 0.7527 | 1.32s | cum 1156.4s
epoch   880 | train_acc 0.7598 | best_train 0.7598 | 1.32s | cum 1169.6s
epoch   890 | train_acc 0.7610 | best_train 0.7610 | 1.33s | cum 1182.8s
epoch   900 | train_acc 0.7672 | best_train 0.7672 | 1.33s | cum 1196.0s
epoch   910 | train_acc 0.7699 | best_train 0.7703 | 1.32s | cum 1209.2s
epoch   920 | train_acc 0.7729 | best_train 0.7737 | 1.32s | cum 1222.3s
epoch   930 | train_acc 0.7773 | best_train 0.7773 | 1.32s | cum 1235.6s
epoch   940 | train_acc 0.7791 | best_train 0.7791 | 1.32s | cum 1248.8s
epoch   950 | train_acc 0.7815 | best_train 0.7815 | 1.31s | cum 1262.0s
epoch   960 | train_acc 0.7827 | best_train 0.7850 | 1.32s | cum 1275.2s
epoch   970 | train_acc 0.7852 | best_train 0.7861 | 1.32s | cum 1288.4s
epoch   980 | train_acc 0.7871 | best_train 0.7889 | 1.32s | cum 1301.6s
epoch   990 | train_acc 0.7895 | best_train 0.7916 | 1.32s | cum 1314.7s
epoch  1000 | train_acc 0.7898 | best_train 0.7919 | val_acc 0.8775 | best_val 0.8775 | 1.45s | cum 1328.0s
epoch  1010 | train_acc 0.7943 | best_train 0.7949 | 1.32s | cum 1341.1s
epoch  1020 | train_acc 0.7963 | best_train 0.7963 | 1.32s | cum 1354.3s
epoch  1030 | train_acc 0.7977 | best_train 0.8002 | 1.32s | cum 1367.5s
epoch  1040 | train_acc 0.8017 | best_train 0.8017 | 1.32s | cum 1380.6s
epoch  1050 | train_acc 0.7997 | best_train 0.8029 | 1.31s | cum 1393.9s
epoch  1060 | train_acc 0.8062 | best_train 0.8062 | 1.32s | cum 1407.1s
epoch  1070 | train_acc 0.8066 | best_train 0.8066 | 1.32s | cum 1420.3s
epoch  1080 | train_acc 0.8080 | best_train 0.8080 | 1.33s | cum 1433.4s
epoch  1090 | train_acc 0.8076 | best_train 0.8108 | 1.32s | cum 1446.6s
epoch  1100 | train_acc 0.8087 | best_train 0.8108 | 1.32s | cum 1459.8s
epoch  1110 | train_acc 0.8089 | best_train 0.8108 | 1.31s | cum 1473.0s
epoch  1120 | train_acc 0.8095 | best_train 0.8109 | 1.32s | cum 1486.2s
epoch  1130 | train_acc 0.8122 | best_train 0.8142 | 1.32s | cum 1499.4s
epoch  1140 | train_acc 0.8132 | best_train 0.8142 | 1.31s | cum 1512.5s
epoch  1150 | train_acc 0.8144 | best_train 0.8156 | 1.32s | cum 1525.7s
epoch  1160 | train_acc 0.8159 | best_train 0.8163 | 1.31s | cum 1538.9s
epoch  1170 | train_acc 0.8150 | best_train 0.8177 | 1.32s | cum 1552.4s
epoch  1180 | train_acc 0.8171 | best_train 0.8177 | 1.31s | cum 1565.5s
epoch  1190 | train_acc 0.8171 | best_train 0.8182 | 1.31s | cum 1578.7s
epoch  1200 | train_acc 0.8195 | best_train 0.8195 | 1.32s | cum 1591.9s
epoch  1210 | train_acc 0.8192 | best_train 0.8210 | 1.32s | cum 1605.1s
epoch  1220 | train_acc 0.8191 | best_train 0.8224 | 1.32s | cum 1618.2s
epoch  1230 | train_acc 0.8252 | best_train 0.8252 | 1.31s | cum 1631.4s
epoch  1240 | train_acc 0.8235 | best_train 0.8252 | 1.33s | cum 1644.6s
epoch  1250 | train_acc 0.8240 | best_train 0.8253 | 1.31s | cum 1657.8s
epoch  1260 | train_acc 0.8251 | best_train 0.8267 | 1.32s | cum 1671.0s
epoch  1270 | train_acc 0.8259 | best_train 0.8273 | 1.32s | cum 1684.1s
epoch  1280 | train_acc 0.8261 | best_train 0.8277 | 1.32s | cum 1697.4s
epoch  1290 | train_acc 0.8273 | best_train 0.8277 | 1.32s | cum 1710.6s
epoch  1300 | train_acc 0.8289 | best_train 0.8289 | 1.31s | cum 1723.7s
epoch  1310 | train_acc 0.8262 | best_train 0.8298 | 1.32s | cum 1736.9s
epoch  1320 | train_acc 0.8291 | best_train 0.8308 | 1.32s | cum 1750.1s
epoch  1330 | train_acc 0.8302 | best_train 0.8308 | 1.31s | cum 1763.3s
epoch  1340 | train_acc 0.8301 | best_train 0.8308 | 1.32s | cum 1776.5s
epoch  1350 | train_acc 0.8287 | best_train 0.8330 | 1.31s | cum 1789.6s
epoch  1360 | train_acc 0.8321 | best_train 0.8330 | 1.32s | cum 1802.9s
epoch  1370 | train_acc 0.8330 | best_train 0.8330 | 1.31s | cum 1816.0s
epoch  1380 | train_acc 0.8324 | best_train 0.8343 | 1.33s | cum 1829.2s
epoch  1390 | train_acc 0.8310 | best_train 0.8343 | 1.32s | cum 1842.4s
epoch  1400 | train_acc 0.8308 | best_train 0.8343 | 1.32s | cum 1855.9s
epoch  1410 | train_acc 0.8350 | best_train 0.8350 | 1.31s | cum 1869.0s
epoch  1420 | train_acc 0.8356 | best_train 0.8356 | 1.31s | cum 1882.2s
epoch  1430 | train_acc 0.8380 | best_train 0.8380 | 1.32s | cum 1895.4s
epoch  1440 | train_acc 0.8363 | best_train 0.8380 | 1.31s | cum 1908.6s
epoch  1450 | train_acc 0.8356 | best_train 0.8380 | 1.32s | cum 1921.7s
epoch  1460 | train_acc 0.8357 | best_train 0.8382 | 1.32s | cum 1934.9s
epoch  1470 | train_acc 0.8375 | best_train 0.8388 | 1.32s | cum 1948.1s
epoch  1480 | train_acc 0.8368 | best_train 0.8390 | 1.32s | cum 1961.3s
epoch  1490 | train_acc 0.8379 | best_train 0.8405 | 1.32s | cum 1974.5s
epoch  1500 | train_acc 0.8380 | best_train 0.8405 | 1.32s | cum 1987.7s
epoch  1510 | train_acc 0.8374 | best_train 0.8405 | 1.32s | cum 2000.9s
epoch  1520 | train_acc 0.8373 | best_train 0.8405 | 1.32s | cum 2014.0s
epoch  1530 | train_acc 0.8400 | best_train 0.8411 | 1.32s | cum 2027.2s
epoch  1540 | train_acc 0.8393 | best_train 0.8416 | 1.32s | cum 2040.4s
epoch  1550 | train_acc 0.8407 | best_train 0.8416 | 1.32s | cum 2053.6s
epoch  1560 | train_acc 0.8405 | best_train 0.8423 | 1.31s | cum 2066.8s
epoch  1570 | train_acc 0.8420 | best_train 0.8428 | 1.32s | cum 2079.9s
epoch  1580 | train_acc 0.8425 | best_train 0.8429 | 1.31s | cum 2093.1s
epoch  1590 | train_acc 0.8431 | best_train 0.8439 | 1.32s | cum 2106.3s
epoch  1600 | train_acc 0.8431 | best_train 0.8445 | 1.32s | cum 2119.5s
epoch  1610 | train_acc 0.8428 | best_train 0.8445 | 1.31s | cum 2132.7s
epoch  1620 | train_acc 0.8429 | best_train 0.8445 | 1.31s | cum 2145.8s
epoch  1630 | train_acc 0.8428 | best_train 0.8445 | 1.39s | cum 2159.4s
epoch  1640 | train_acc 0.8445 | best_train 0.8449 | 1.39s | cum 2173.3s
epoch  1650 | train_acc 0.8450 | best_train 0.8455 | 1.43s | cum 2187.5s
epoch  1660 | train_acc 0.8439 | best_train 0.8455 | 1.35s | cum 2201.7s
epoch  1670 | train_acc 0.8450 | best_train 0.8455 | 1.37s | cum 2215.4s
epoch  1680 | train_acc 0.8440 | best_train 0.8455 | 1.36s | cum 2229.1s
epoch  1690 | train_acc 0.8443 | best_train 0.8457 | 1.37s | cum 2242.9s
epoch  1700 | train_acc 0.8460 | best_train 0.8461 | 1.34s | cum 2256.5s
epoch  1710 | train_acc 0.8429 | best_train 0.8478 | 1.38s | cum 2270.2s
epoch  1720 | train_acc 0.8452 | best_train 0.8478 | 1.38s | cum 2284.0s
epoch  1730 | train_acc 0.8457 | best_train 0.8478 | 1.37s | cum 2297.8s
epoch  1740 | train_acc 0.8461 | best_train 0.8478 | 1.36s | cum 2311.3s
epoch  1750 | train_acc 0.8477 | best_train 0.8493 | 1.37s | cum 2324.8s
epoch  1760 | train_acc 0.8480 | best_train 0.8498 | 1.38s | cum 2338.6s
epoch  1770 | train_acc 0.8494 | best_train 0.8498 | 1.39s | cum 2352.3s
epoch  1780 | train_acc 0.8475 | best_train 0.8498 | 1.34s | cum 2365.8s
epoch  1790 | train_acc 0.8503 | best_train 0.8517 | 1.34s | cum 2379.2s
epoch  1800 | train_acc 0.8481 | best_train 0.8517 | 1.35s | cum 2392.7s
epoch  1810 | train_acc 0.8503 | best_train 0.8517 | 1.37s | cum 2406.3s
epoch  1820 | train_acc 0.8487 | best_train 0.8517 | 1.37s | cum 2420.1s
epoch  1830 | train_acc 0.8489 | best_train 0.8517 | 1.34s | cum 2433.7s
epoch  1840 | train_acc 0.8503 | best_train 0.8517 | 1.35s | cum 2447.3s
epoch  1850 | train_acc 0.8503 | best_train 0.8528 | 1.35s | cum 2460.7s
epoch  1860 | train_acc 0.8505 | best_train 0.8546 | 1.34s | cum 2474.2s
epoch  1870 | train_acc 0.8521 | best_train 0.8546 | 1.33s | cum 2487.8s
epoch  1880 | train_acc 0.8545 | best_train 0.8546 | 1.33s | cum 2501.1s
epoch  1890 | train_acc 0.8557 | best_train 0.8557 | 1.33s | cum 2514.5s
epoch  1900 | train_acc 0.8553 | best_train 0.8564 | 1.33s | cum 2528.0s
epoch  1910 | train_acc 0.8546 | best_train 0.8564 | 1.33s | cum 2541.5s
epoch  1920 | train_acc 0.8554 | best_train 0.8564 | 1.33s | cum 2554.9s
epoch  1930 | train_acc 0.8541 | best_train 0.8570 | 1.34s | cum 2568.2s
epoch  1940 | train_acc 0.8555 | best_train 0.8570 | 1.33s | cum 2581.6s
epoch  1950 | train_acc 0.8556 | best_train 0.8572 | 1.34s | cum 2594.9s
epoch  1960 | train_acc 0.8554 | best_train 0.8572 | 1.33s | cum 2608.2s
epoch  1970 | train_acc 0.8567 | best_train 0.8572 | 1.33s | cum 2621.5s
epoch  1980 | train_acc 0.8576 | best_train 0.8582 | 1.33s | cum 2634.9s
epoch  1990 | train_acc 0.8586 | best_train 0.8592 | 1.33s | cum 2648.2s
epoch  2000 | train_acc 0.8582 | best_train 0.8607 | val_acc 0.9105 | best_val 0.9105 | 1.48s | cum 2661.7s
epoch  2010 | train_acc 0.8592 | best_train 0.8611 | 1.33s | cum 2675.0s
epoch  2020 | train_acc 0.8588 | best_train 0.8611 | 1.34s | cum 2688.3s
epoch  2030 | train_acc 0.8582 | best_train 0.8618 | 1.33s | cum 2701.6s
epoch  2040 | train_acc 0.8607 | best_train 0.8618 | 1.33s | cum 2714.9s
epoch  2050 | train_acc 0.8604 | best_train 0.8619 | 1.33s | cum 2728.2s
epoch  2060 | train_acc 0.8587 | best_train 0.8619 | 1.33s | cum 2741.5s
epoch  2070 | train_acc 0.8601 | best_train 0.8619 | 1.34s | cum 2754.9s
epoch  2080 | train_acc 0.8611 | best_train 0.8619 | 1.33s | cum 2768.2s
epoch  2090 | train_acc 0.8610 | best_train 0.8620 | 1.29s | cum 2782.7s
epoch  2100 | train_acc 0.8613 | best_train 0.8621 | 1.31s | cum 2795.7s
epoch  2110 | train_acc 0.8632 | best_train 0.8632 | 1.32s | cum 2808.7s
epoch  2120 | train_acc 0.8611 | best_train 0.8632 | 1.31s | cum 2821.9s
epoch  2130 | train_acc 0.8625 | best_train 0.8632 | 1.31s | cum 2834.9s
epoch  2140 | train_acc 0.8622 | best_train 0.8638 | 1.31s | cum 2848.0s
epoch  2150 | train_acc 0.8605 | best_train 0.8643 | 1.31s | cum 2861.1s
epoch  2160 | train_acc 0.8624 | best_train 0.8643 | 1.34s | cum 2874.2s
epoch  2170 | train_acc 0.8629 | best_train 0.8643 | 1.34s | cum 2887.5s
epoch  2180 | train_acc 0.8642 | best_train 0.8650 | 1.34s | cum 2900.8s
epoch  2190 | train_acc 0.8630 | best_train 0.8650 | 1.35s | cum 2914.1s
epoch  2200 | train_acc 0.8648 | best_train 0.8651 | 1.34s | cum 2927.6s
epoch  2210 | train_acc 0.8646 | best_train 0.8651 | 1.30s | cum 2940.8s
epoch  2220 | train_acc 0.8638 | best_train 0.8662 | 1.33s | cum 2954.1s
epoch  2230 | train_acc 0.8634 | best_train 0.8665 | 1.30s | cum 2967.4s
epoch  2240 | train_acc 0.8645 | best_train 0.8665 | 1.34s | cum 2980.8s
epoch  2250 | train_acc 0.8654 | best_train 0.8665 | 1.34s | cum 2994.1s
epoch  2260 | train_acc 0.8686 | best_train 0.8686 | 1.34s | cum 3007.5s
epoch  2270 | train_acc 0.8666 | best_train 0.8686 | 1.33s | cum 3020.8s
epoch  2280 | train_acc 0.8673 | best_train 0.8686 | 1.30s | cum 3033.9s
epoch  2290 | train_acc 0.8685 | best_train 0.8695 | 1.30s | cum 3046.9s
epoch  2300 | train_acc 0.8686 | best_train 0.8695 | 1.29s | cum 3059.8s
epoch  2310 | train_acc 0.8698 | best_train 0.8709 | 1.30s | cum 3072.8s
epoch  2320 | train_acc 0.8683 | best_train 0.8709 | 1.33s | cum 3085.9s
epoch  2330 | train_acc 0.8689 | best_train 0.8709 | 1.33s | cum 3099.2s
epoch  2340 | train_acc 0.8712 | best_train 0.8717 | 1.33s | cum 3112.5s
epoch  2350 | train_acc 0.8698 | best_train 0.8730 | 1.33s | cum 3125.8s
epoch  2360 | train_acc 0.8728 | best_train 0.8730 | 1.30s | cum 3139.1s
epoch  2370 | train_acc 0.8720 | best_train 0.8730 | 1.31s | cum 3152.0s
epoch  2380 | train_acc 0.8714 | best_train 0.8730 | 1.28s | cum 3165.0s
epoch  2390 | train_acc 0.8722 | best_train 0.8734 | 1.29s | cum 3177.8s
epoch  2400 | train_acc 0.8715 | best_train 0.8734 | 1.29s | cum 3191.0s
epoch  2410 | train_acc 0.8719 | best_train 0.8734 | 1.34s | cum 3204.0s
epoch  2420 | train_acc 0.8717 | best_train 0.8750 | 1.38s | cum 3217.1s
epoch  2430 | train_acc 0.8717 | best_train 0.8750 | 1.33s | cum 3230.4s
epoch  2440 | train_acc 0.8724 | best_train 0.8750 | 1.35s | cum 3243.7s
epoch  2450 | train_acc 0.8741 | best_train 0.8750 | 1.32s | cum 3257.0s
epoch  2460 | train_acc 0.8738 | best_train 0.8750 | 1.34s | cum 3270.3s
epoch  2470 | train_acc 0.8746 | best_train 0.8750 | 1.29s | cum 3283.5s
epoch  2480 | train_acc 0.8763 | best_train 0.8763 | 1.33s | cum 3296.7s
epoch  2490 | train_acc 0.8756 | best_train 0.8763 | 1.32s | cum 3309.9s
epoch  2500 | train_acc 0.8750 | best_train 0.8763 | 1.32s | cum 3323.1s
epoch  2510 | train_acc 0.8752 | best_train 0.8763 | 1.32s | cum 3336.2s
epoch  2520 | train_acc 0.8734 | best_train 0.8763 | 1.33s | cum 3349.5s
epoch  2530 | train_acc 0.8750 | best_train 0.8763 | 1.32s | cum 3362.7s
epoch  2540 | train_acc 0.8755 | best_train 0.8778 | 1.32s | cum 3376.0s
epoch  2550 | train_acc 0.8754 | best_train 0.8778 | 1.32s | cum 3389.3s
epoch  2560 | train_acc 0.8770 | best_train 0.8778 | 6.61s | cum 3412.0s
epoch  2570 | train_acc 0.8756 | best_train 0.8778 | 6.21s | cum 3462.4s
epoch  2580 | train_acc 0.8767 | best_train 0.8778 | 10.38s | cum 3517.7s
epoch  2590 | train_acc 0.8778 | best_train 0.8778 | 1.37s | cum 3581.3s
epoch  2600 | train_acc 0.8764 | best_train 0.8781 | 3.66s | cum 3625.3s
epoch  2610 | train_acc 0.8757 | best_train 0.8781 | 8.64s | cum 3688.0s
