[transformers] PyTorch was not found. Models won't be available and only tokenizers, configuration and file/data utilities can be used.
total_params = 134404 (含可训练 v_th)
hidden = [128, 128, 128], batch = 12000 (0.2x train), lr = 0.03 (cosine), sigma = 0.2, rank = 32, max_epochs = 10000
初始 v_th = [0.300/0.300/0.300], 初始 tau_m = 20.000 (VTH_PER_LAYER=True, TRAIN_TAU=False)
E0813 08:33:06.677982     510 cuda_executor.cc:1176] [0] Failed to allocate device memory of 4.00GiB (4294967296 bytes): RESOURCE_EXHAUSTED: : CUDA_ERROR_OUT_OF_MEMORY: out of memory
=== Source Location Trace: ===
external/xla/xla/stream_executor/cuda/cuda_status.cc:45
external/xla/xla/stream_executor/cuda/cuda_device_allocator.cc:226
external/xla/xla/stream_executor/cuda/cuda_device_allocator.cc:403

LORA UPDATE (12000, 128, 32) (12000, 784, 32)
LORA UPDATE (12000, 128, 32) (12000, 128, 32)
LORA UPDATE (12000, 128, 32) (12000, 128, 32)
LORA UPDATE (12000, 10, 32) (12000, 128, 32)
  calib: 0.912s/epoch
  epoch    50 | val 0.098 | best_train 0.102 | v_th [0.315/0.407/0.454] | tau 20.000 | 4s
  epoch   100 | val 0.098 | best_train 0.105 | v_th [0.362/0.421/0.692] | tau 20.000 | 6s
  epoch   150 | val 0.098 | best_train 0.106 | v_th [0.375/0.441/0.845] | tau 20.000 | 7s
  epoch   200 | val 0.098 | best_train 0.106 | v_th [0.350/0.517/0.923] | tau 20.000 | 9s
  epoch   250 | val 0.098 | best_train 0.106 | v_th [0.243/0.534/0.939] | tau 20.000 | 11s
  epoch   300 | val 0.179 | best_train 0.172 | v_th [0.161/0.447/0.937] | tau 20.000 | 12s
  epoch   350 | val 0.337 | best_train 0.262 | v_th [0.105/0.470/1.127] | tau 20.000 | 14s
  epoch   400 | val 0.368 | best_train 0.316 | v_th [0.108/0.528/1.226] | tau 20.000 | 15s
  epoch   450 | val 0.410 | best_train 0.345 | v_th [0.112/0.524/1.308] | tau 20.000 | 17s
  epoch   500 | val 0.466 | best_train 0.408 | v_th [0.141/0.450/1.564] | tau 20.000 | 18s
  epoch   550 | val 0.480 | best_train 0.428 | v_th [0.137/0.382/1.864] | tau 20.000 | 20s
  epoch   600 | val 0.506 | best_train 0.450 | v_th [0.152/0.337/2.205] | tau 20.000 | 21s
  epoch   650 | val 0.558 | best_train 0.484 | v_th [0.165/0.284/2.619] | tau 20.000 | 23s
  epoch   700 | val 0.539 | best_train 0.497 | v_th [0.177/0.239/2.835] | tau 20.000 | 24s
  epoch   750 | val 0.549 | best_train 0.507 | v_th [0.156/0.260/3.131] | tau 20.000 | 26s
  epoch   800 | val 0.551 | best_train 0.515 | v_th [0.184/0.256/3.155] | tau 20.000 | 27s
  epoch   850 | val 0.546 | best_train 0.528 | v_th [0.186/0.211/3.581] | tau 20.000 | 29s
  epoch   900 | val 0.545 | best_train 0.531 | v_th [0.170/0.236/3.639] | tau 20.000 | 30s
  epoch   950 | val 0.555 | best_train 0.539 | v_th [0.169/0.220/3.901] | tau 20.000 | 32s
  epoch  1000 | val 0.550 | best_train 0.539 | v_th [0.181/0.253/3.865] | tau 20.000 | 33s
  epoch  1050 | val 0.565 | best_train 0.541 | v_th [0.183/0.266/3.850] | tau 20.000 | 35s
  epoch  1100 | val 0.560 | best_train 0.548 | v_th [0.196/0.283/4.123] | tau 20.000 | 37s
  epoch  1150 | val 0.560 | best_train 0.550 | v_th [0.205/0.263/4.359] | tau 20.000 | 38s
  epoch  1200 | val 0.557 | best_train 0.553 | v_th [0.208/0.240/4.725] | tau 20.000 | 40s
  epoch  1250 | val 0.550 | best_train 0.553 | v_th [0.259/0.206/4.961] | tau 20.000 | 41s
  epoch  1300 | val 0.566 | best_train 0.559 | v_th [0.245/0.229/4.980] | tau 20.000 | 43s
  epoch  1350 | val 0.564 | best_train 0.560 | v_th [0.265/0.229/5.143] | tau 20.000 | 45s
  epoch  1400 | val 0.560 | best_train 0.561 | v_th [0.306/0.210/5.211] | tau 20.000 | 46s
  epoch  1450 | val 0.571 | best_train 0.569 | v_th [0.339/0.193/5.287] | tau 20.000 | 48s
  epoch  1500 | val 0.580 | best_train 0.569 | v_th [0.261/0.205/5.415] | tau 20.000 | 50s
  epoch  1550 | val 0.587 | best_train 0.569 | v_th [0.226/0.239/5.145] | tau 20.000 | 51s
  epoch  1600 | val 0.586 | best_train 0.573 | v_th [0.244/0.234/5.199] | tau 20.000 | 53s
  epoch  1650 | val 0.579 | best_train 0.575 | v_th [0.248/0.212/5.626] | tau 20.000 | 55s
  epoch  1700 | val 0.584 | best_train 0.575 | v_th [0.310/0.220/5.597] | tau 20.000 | 56s
  epoch  1750 | val 0.580 | best_train 0.575 | v_th [0.334/0.202/5.558] | tau 20.000 | 58s
  epoch  1800 | val 0.591 | best_train 0.586 | v_th [0.380/0.226/5.511] | tau 20.000 | 60s
  epoch  1850 | val 0.617 | best_train 0.591 | v_th [0.334/0.273/5.453] | tau 20.000 | 61s
  epoch  1900 | val 0.610 | best_train 0.595 | v_th [0.345/0.270/5.721] | tau 20.000 | 63s
  epoch  1950 | val 0.616 | best_train 0.601 | v_th [0.327/0.252/5.820] | tau 20.000 | 65s
  epoch  2000 | val 0.619 | best_train 0.604 | v_th [0.304/0.250/6.015] | tau 20.000 | 66s
  epoch  2050 | val 0.622 | best_train 0.609 | v_th [0.401/0.219/6.146] | tau 20.000 | 68s
  epoch  2100 | val 0.630 | best_train 0.613 | v_th [0.353/0.234/6.185] | tau 20.000 | 70s
  epoch  2150 | val 0.625 | best_train 0.620 | v_th [0.307/0.239/6.297] | tau 20.000 | 71s
  epoch  2200 | val 0.626 | best_train 0.624 | v_th [0.296/0.264/6.381] | tau 20.000 | 73s
  epoch  2250 | val 0.633 | best_train 0.624 | v_th [0.318/0.201/6.757] | tau 20.000 | 75s
  epoch  2300 | val 0.645 | best_train 0.626 | v_th [0.323/0.215/6.892] | tau 20.000 | 76s
  epoch  2350 | val 0.644 | best_train 0.628 | v_th [0.344/0.243/6.821] | tau 20.000 | 78s
  epoch  2400 | val 0.647 | best_train 0.628 | v_th [0.349/0.237/7.036] | tau 20.000 | 80s
  epoch  2450 | val 0.650 | best_train 0.628 | v_th [0.430/0.229/7.031] | tau 20.000 | 81s
  epoch  2500 | val 0.651 | best_train 0.633 | v_th [0.400/0.288/6.770] | tau 20.000 | 83s
  epoch  2550 | val 0.652 | best_train 0.633 | v_th [0.346/0.274/6.980] | tau 20.000 | 85s
  epoch  2600 | val 0.646 | best_train 0.633 | v_th [0.403/0.241/7.140] | tau 20.000 | 86s
  epoch  2650 | val 0.648 | best_train 0.637 | v_th [0.424/0.218/7.226] | tau 20.000 | 88s
  epoch  2700 | val 0.635 | best_train 0.637 | v_th [0.426/0.215/7.498] | tau 20.000 | 90s
  epoch  2750 | val 0.643 | best_train 0.637 | v_th [0.415/0.194/7.603] | tau 20.000 | 91s
  epoch  2800 | val 0.664 | best_train 0.642 | v_th [0.340/0.200/7.806] | tau 20.000 | 93s
  epoch  2850 | val 0.655 | best_train 0.643 | v_th [0.443/0.200/7.830] | tau 20.000 | 95s
  epoch  2900 | val 0.644 | best_train 0.649 | v_th [0.364/0.217/7.728] | tau 20.000 | 96s
  epoch  2950 | val 0.666 | best_train 0.649 | v_th [0.393/0.197/7.920] | tau 20.000 | 98s
  epoch  3000 | val 0.665 | best_train 0.654 | v_th [0.407/0.199/7.944] | tau 20.000 | 99s
  epoch  3050 | val 0.671 | best_train 0.654 | v_th [0.419/0.202/8.002] | tau 20.000 | 101s
  epoch  3100 | val 0.667 | best_train 0.654 | v_th [0.391/0.204/8.013] | tau 20.000 | 103s
  epoch  3150 | val 0.681 | best_train 0.657 | v_th [0.393/0.207/8.060] | tau 20.000 | 104s
  epoch  3200 | val 0.678 | best_train 0.657 | v_th [0.365/0.206/8.135] | tau 20.000 | 106s
  epoch  3250 | val 0.671 | best_train 0.657 | v_th [0.395/0.233/7.969] | tau 20.000 | 108s
  epoch  3300 | val 0.682 | best_train 0.657 | v_th [0.352/0.245/8.000] | tau 20.000 | 109s
  epoch  3350 | val 0.674 | best_train 0.657 | v_th [0.364/0.254/7.971] | tau 20.000 | 111s
  epoch  3400 | val 0.671 | best_train 0.657 | v_th [0.471/0.227/7.995] | tau 20.000 | 113s
  epoch  3450 | val 0.677 | best_train 0.657 | v_th [0.526/0.226/7.950] | tau 20.000 | 114s
  epoch  3500 | val 0.666 | best_train 0.658 | v_th [0.483/0.234/8.073] | tau 20.000 | 116s
  epoch  3550 | val 0.670 | best_train 0.658 | v_th [0.479/0.211/8.275] | tau 20.000 | 118s
  epoch  3600 | val 0.664 | best_train 0.659 | v_th [0.531/0.213/8.273] | tau 20.000 | 119s
  epoch  3650 | val 0.669 | best_train 0.659 | v_th [0.432/0.244/8.303] | tau 20.000 | 121s
  epoch  3700 | val 0.670 | best_train 0.662 | v_th [0.505/0.230/8.311] | tau 20.000 | 123s
  epoch  3750 | val 0.667 | best_train 0.662 | v_th [0.501/0.246/8.281] | tau 20.000 | 124s
  epoch  3800 | val 0.674 | best_train 0.662 | v_th [0.473/0.271/8.196] | tau 20.000 | 126s
  epoch  3850 | val 0.666 | best_train 0.662 | v_th [0.476/0.283/7.986] | tau 20.000 | 128s
  epoch  3900 | val 0.667 | best_train 0.662 | v_th [0.444/0.280/8.036] | tau 20.000 | 129s
  epoch  3950 | val 0.665 | best_train 0.662 | v_th [0.426/0.274/8.280] | tau 20.000 | 131s
  epoch  4000 | val 0.673 | best_train 0.662 | v_th [0.504/0.253/8.252] | tau 20.000 | 133s
  epoch  4050 | val 0.660 | best_train 0.662 | v_th [0.464/0.254/8.346] | tau 20.000 | 134s
  epoch  4100 | val 0.670 | best_train 0.662 | v_th [0.418/0.284/8.418] | tau 20.000 | 136s
  epoch  4150 | val 0.660 | best_train 0.662 | v_th [0.421/0.309/8.373] | tau 20.000 | 138s
  epoch  4200 | val 0.664 | best_train 0.662 | v_th [0.439/0.270/8.358] | tau 20.000 | 139s
  epoch  4250 | val 0.664 | best_train 0.662 | v_th [0.457/0.257/8.473] | tau 20.000 | 141s
  epoch  4300 | val 0.672 | best_train 0.662 | v_th [0.456/0.272/8.350] | tau 20.000 | 143s
  epoch  4350 | val 0.665 | best_train 0.662 | v_th [0.488/0.299/8.209] | tau 20.000 | 144s
  epoch  4400 | val 0.678 | best_train 0.662 | v_th [0.461/0.310/8.245] | tau 20.000 | 146s
  epoch  4450 | val 0.672 | best_train 0.662 | v_th [0.502/0.279/8.344] | tau 20.000 | 148s
  epoch  4500 | val 0.666 | best_train 0.662 | v_th [0.508/0.300/8.370] | tau 20.000 | 149s
  epoch  4550 | val 0.667 | best_train 0.662 | v_th [0.458/0.303/8.433] | tau 20.000 | 151s
  epoch  4600 | val 0.664 | best_train 0.662 | v_th [0.424/0.324/8.439] | tau 20.000 | 153s
  epoch  4650 | val 0.679 | best_train 0.662 | v_th [0.447/0.322/8.571] | tau 20.000 | 154s
  epoch  4700 | val 0.668 | best_train 0.662 | v_th [0.433/0.293/8.714] | tau 20.000 | 156s
  epoch  4750 | val 0.666 | best_train 0.662 | v_th [0.506/0.272/8.828] | tau 20.000 | 158s
  epoch  4800 | val 0.668 | best_train 0.665 | v_th [0.465/0.274/8.982] | tau 20.000 | 159s
  epoch  4850 | val 0.673 | best_train 0.665 | v_th [0.410/0.282/9.112] | tau 20.000 | 161s
  epoch  4900 | val 0.671 | best_train 0.670 | v_th [0.403/0.277/9.145] | tau 20.000 | 163s
  epoch  4950 | val 0.670 | best_train 0.670 | v_th [0.439/0.271/9.151] | tau 20.000 | 164s
  epoch  5000 | val 0.687 | best_train 0.672 | v_th [0.497/0.253/9.228] | tau 20.000 | 166s
  epoch  5050 | val 0.674 | best_train 0.672 | v_th [0.474/0.262/9.220] | tau 20.000 | 168s
  epoch  5100 | val 0.674 | best_train 0.672 | v_th [0.477/0.257/9.300] | tau 20.000 | 169s
  epoch  5150 | val 0.671 | best_train 0.672 | v_th [0.462/0.257/9.247] | tau 20.000 | 171s
  epoch  5200 | val 0.677 | best_train 0.672 | v_th [0.477/0.255/9.342] | tau 20.000 | 173s
  epoch  5250 | val 0.673 | best_train 0.672 | v_th [0.492/0.253/9.313] | tau 20.000 | 175s
  epoch  5300 | val 0.681 | best_train 0.672 | v_th [0.529/0.250/9.328] | tau 20.000 | 176s
  epoch  5350 | val 0.690 | best_train 0.672 | v_th [0.517/0.285/9.214] | tau 20.000 | 178s
  epoch  5400 | val 0.687 | best_train 0.675 | v_th [0.559/0.263/9.138] | tau 20.000 | 180s
  epoch  5450 | val 0.695 | best_train 0.675 | v_th [0.529/0.276/9.126] | tau 20.000 | 181s
  epoch  5500 | val 0.690 | best_train 0.675 | v_th [0.561/0.290/9.167] | tau 20.000 | 183s
  epoch  5550 | val 0.686 | best_train 0.675 | v_th [0.535/0.281/9.221] | tau 20.000 | 185s
  epoch  5600 | val 0.686 | best_train 0.675 | v_th [0.590/0.270/9.265] | tau 20.000 | 186s
  epoch  5650 | val 0.697 | best_train 0.675 | v_th [0.568/0.274/9.264] | tau 20.000 | 188s
  epoch  5700 | val 0.691 | best_train 0.678 | v_th [0.563/0.268/9.323] | tau 20.000 | 190s
  epoch  5750 | val 0.694 | best_train 0.678 | v_th [0.516/0.276/9.401] | tau 20.000 | 191s
  epoch  5800 | val 0.691 | best_train 0.678 | v_th [0.506/0.273/9.449] | tau 20.000 | 193s
  epoch  5850 | val 0.693 | best_train 0.678 | v_th [0.507/0.251/9.451] | tau 20.000 | 195s
  epoch  5900 | val 0.694 | best_train 0.679 | v_th [0.559/0.233/9.462] | tau 20.000 | 196s
  epoch  5950 | val 0.690 | best_train 0.679 | v_th [0.577/0.229/9.488] | tau 20.000 | 198s
  epoch  6000 | val 0.690 | best_train 0.679 | v_th [0.581/0.227/9.582] | tau 20.000 | 200s
  epoch  6050 | val 0.688 | best_train 0.679 | v_th [0.540/0.232/9.587] | tau 20.000 | 201s
  epoch  6100 | val 0.694 | best_train 0.679 | v_th [0.536/0.238/9.631] | tau 20.000 | 203s
  epoch  6150 | val 0.688 | best_train 0.680 | v_th [0.594/0.227/9.647] | tau 20.000 | 205s
  epoch  6200 | val 0.690 | best_train 0.680 | v_th [0.579/0.225/9.598] | tau 20.000 | 206s
  epoch  6250 | val 0.697 | best_train 0.684 | v_th [0.580/0.226/9.650] | tau 20.000 | 208s
  epoch  6300 | val 0.694 | best_train 0.684 | v_th [0.576/0.233/9.637] | tau 20.000 | 209s
  epoch  6350 | val 0.696 | best_train 0.684 | v_th [0.572/0.237/9.684] | tau 20.000 | 211s
  epoch  6400 | val 0.696 | best_train 0.685 | v_th [0.566/0.239/9.687] | tau 20.000 | 213s
  epoch  6450 | val 0.702 | best_train 0.686 | v_th [0.547/0.227/9.757] | tau 20.000 | 214s
  epoch  6500 | val 0.706 | best_train 0.686 | v_th [0.553/0.224/9.808] | tau 20.000 | 216s
  epoch  6550 | val 0.707 | best_train 0.686 | v_th [0.542/0.226/9.815] | tau 20.000 | 217s
  epoch  6600 | val 0.701 | best_train 0.688 | v_th [0.538/0.229/9.722] | tau 20.000 | 219s
  epoch  6650 | val 0.703 | best_train 0.689 | v_th [0.529/0.237/9.786] | tau 20.000 | 221s
  epoch  6700 | val 0.699 | best_train 0.689 | v_th [0.536/0.239/9.777] | tau 20.000 | 222s
  epoch  6750 | val 0.691 | best_train 0.689 | v_th [0.548/0.250/9.816] | tau 20.000 | 224s
  epoch  6800 | val 0.697 | best_train 0.689 | v_th [0.538/0.242/9.696] | tau 20.000 | 226s
  epoch  6850 | val 0.704 | best_train 0.689 | v_th [0.551/0.252/9.662] | tau 20.000 | 227s
  epoch  6900 | val 0.699 | best_train 0.689 | v_th [0.586/0.245/9.620] | tau 20.000 | 229s
  epoch  6950 | val 0.693 | best_train 0.689 | v_th [0.580/0.239/9.640] | tau 20.000 | 231s
  epoch  7000 | val 0.698 | best_train 0.689 | v_th [0.572/0.237/9.671] | tau 20.000 | 232s
  epoch  7050 | val 0.706 | best_train 0.689 | v_th [0.577/0.242/9.621] | tau 20.000 | 234s
  epoch  7100 | val 0.705 | best_train 0.690 | v_th [0.570/0.257/9.630] | tau 20.000 | 236s
  epoch  7150 | val 0.696 | best_train 0.690 | v_th [0.564/0.251/9.632] | tau 20.000 | 237s
  epoch  7200 | val 0.697 | best_train 0.690 | v_th [0.547/0.252/9.613] | tau 20.000 | 239s
  epoch  7250 | val 0.699 | best_train 0.690 | v_th [0.568/0.255/9.629] | tau 20.000 | 241s
  epoch  7300 | val 0.693 | best_train 0.691 | v_th [0.601/0.245/9.674] | tau 20.000 | 242s
  epoch  7350 | val 0.699 | best_train 0.691 | v_th [0.608/0.240/9.729] | tau 20.000 | 244s
  epoch  7400 | val 0.697 | best_train 0.691 | v_th [0.626/0.243/9.720] | tau 20.000 | 246s
  epoch  7450 | val 0.693 | best_train 0.691 | v_th [0.633/0.233/9.755] | tau 20.000 | 247s
  epoch  7500 | val 0.698 | best_train 0.691 | v_th [0.635/0.229/9.737] | tau 20.000 | 249s
  epoch  7550 | val 0.704 | best_train 0.691 | v_th [0.633/0.230/9.759] | tau 20.000 | 251s
  epoch  7600 | val 0.697 | best_train 0.691 | v_th [0.617/0.225/9.786] | tau 20.000 | 253s
  epoch  7650 | val 0.697 | best_train 0.691 | v_th [0.607/0.217/9.832] | tau 20.000 | 254s
  epoch  7700 | val 0.700 | best_train 0.691 | v_th [0.607/0.218/9.890] | tau 20.000 | 256s
  epoch  7750 | val 0.697 | best_train 0.691 | v_th [0.600/0.218/9.904] | tau 20.000 | 258s
  epoch  7800 | val 0.699 | best_train 0.691 | v_th [0.589/0.213/9.929] | tau 20.000 | 259s
  epoch  7850 | val 0.695 | best_train 0.691 | v_th [0.586/0.217/9.915] | tau 20.000 | 261s
  epoch  7900 | val 0.692 | best_train 0.691 | v_th [0.595/0.223/9.933] | tau 20.000 | 263s
  epoch  7950 | val 0.693 | best_train 0.692 | v_th [0.584/0.221/9.931] | tau 20.000 | 264s
  epoch  8000 | val 0.692 | best_train 0.692 | v_th [0.584/0.228/9.926] | tau 20.000 | 266s
  epoch  8050 | val 0.699 | best_train 0.692 | v_th [0.580/0.229/9.929] | tau 20.000 | 268s
  epoch  8100 | val 0.696 | best_train 0.692 | v_th [0.579/0.228/9.891] | tau 20.000 | 269s
  epoch  8150 | val 0.700 | best_train 0.692 | v_th [0.577/0.227/9.913] | tau 20.000 | 271s
  epoch  8200 | val 0.697 | best_train 0.692 | v_th [0.560/0.231/9.888] | tau 20.000 | 272s
  epoch  8250 | val 0.697 | best_train 0.692 | v_th [0.559/0.228/9.889] | tau 20.000 | 274s
  epoch  8300 | val 0.698 | best_train 0.692 | v_th [0.553/0.233/9.881] | tau 20.000 | 276s
  epoch  8350 | val 0.699 | best_train 0.692 | v_th [0.550/0.234/9.892] | tau 20.000 | 277s
  epoch  8400 | val 0.702 | best_train 0.692 | v_th [0.548/0.235/9.874] | tau 20.000 | 279s
  epoch  8450 | val 0.697 | best_train 0.692 | v_th [0.550/0.236/9.878] | tau 20.000 | 281s
  epoch  8500 | val 0.704 | best_train 0.692 | v_th [0.553/0.237/9.881] | tau 20.000 | 283s
  epoch  8550 | val 0.700 | best_train 0.692 | v_th [0.554/0.234/9.873] | tau 20.000 | 284s
  epoch  8600 | val 0.700 | best_train 0.692 | v_th [0.560/0.235/9.880] | tau 20.000 | 286s
  epoch  8650 | val 0.699 | best_train 0.692 | v_th [0.563/0.237/9.889] | tau 20.000 | 288s
  epoch  8700 | val 0.696 | best_train 0.692 | v_th [0.569/0.237/9.876] | tau 20.000 | 289s
  epoch  8750 | val 0.695 | best_train 0.692 | v_th [0.568/0.234/9.892] | tau 20.000 | 291s
  epoch  8800 | val 0.700 | best_train 0.692 | v_th [0.569/0.234/9.894] | tau 20.000 | 293s
  epoch  8850 | val 0.699 | best_train 0.692 | v_th [0.571/0.234/9.890] | tau 20.000 | 294s
  epoch  8900 | val 0.703 | best_train 0.693 | v_th [0.566/0.233/9.887] | tau 20.000 | 296s
  epoch  8950 | val 0.698 | best_train 0.693 | v_th [0.566/0.234/9.885] | tau 20.000 | 298s
  epoch  9000 | val 0.703 | best_train 0.693 | v_th [0.568/0.231/9.881] | tau 20.000 | 299s
  epoch  9050 | val 0.698 | best_train 0.693 | v_th [0.568/0.230/9.879] | tau 20.000 | 301s
  epoch  9100 | val 0.697 | best_train 0.693 | v_th [0.571/0.230/9.880] | tau 20.000 | 303s
  epoch  9150 | val 0.697 | best_train 0.693 | v_th [0.572/0.230/9.882] | tau 20.000 | 305s
  epoch  9200 | val 0.699 | best_train 0.693 | v_th [0.572/0.231/9.879] | tau 20.000 | 306s
  epoch  9250 | val 0.699 | best_train 0.693 | v_th [0.571/0.231/9.880] | tau 20.000 | 308s
  epoch  9300 | val 0.699 | best_train 0.693 | v_th [0.572/0.231/9.876] | tau 20.000 | 310s
  epoch  9350 | val 0.699 | best_train 0.693 | v_th [0.573/0.230/9.879] | tau 20.000 | 311s
  epoch  9400 | val 0.699 | best_train 0.694 | v_th [0.573/0.230/9.877] | tau 20.000 | 313s
  epoch  9450 | val 0.699 | best_train 0.694 | v_th [0.574/0.230/9.875] | tau 20.000 | 315s
  epoch  9500 | val 0.696 | best_train 0.694 | v_th [0.574/0.230/9.876] | tau 20.000 | 316s
  epoch  9550 | val 0.697 | best_train 0.694 | v_th [0.575/0.230/9.877] | tau 20.000 | 318s
  epoch  9600 | val 0.698 | best_train 0.694 | v_th [0.574/0.230/9.878] | tau 20.000 | 320s
  epoch  9650 | val 0.699 | best_train 0.694 | v_th [0.574/0.230/9.877] | tau 20.000 | 321s
  epoch  9700 | val 0.698 | best_train 0.694 | v_th [0.574/0.230/9.877] | tau 20.000 | 323s
  epoch  9750 | val 0.697 | best_train 0.694 | v_th [0.574/0.230/9.877] | tau 20.000 | 324s
  epoch  9800 | val 0.698 | best_train 0.694 | v_th [0.575/0.230/9.877] | tau 20.000 | 326s
  epoch  9850 | val 0.699 | best_train 0.694 | v_th [0.575/0.230/9.877] | tau 20.000 | 328s
  epoch  9900 | val 0.699 | best_train 0.694 | v_th [0.575/0.230/9.877] | tau 20.000 | 329s
  epoch  9950 | val 0.699 | best_train 0.694 | v_th [0.575/0.230/9.877] | tau 20.000 | 331s
  epoch 10000 | val 0.699 | best_train 0.694 | v_th [0.575/0.230/9.877] | tau 20.000 | 332s

===== 可训练 LIF 超参实验汇总 =====
epochs=10000 val_acc=0.699 best_train=0.694 v_th(0.300 -> [0.575/0.230/9.877]) tau(20.0 -> 20.000) (332s)

results appended to results_vth_trainable_h128_128_128_perlayer_cosine.csv
