[transformers] PyTorch was not found. Models won't be available and only tokenizers, configuration and file/data utilities can be used.
固定: batch=12000, lr=0.1, rank=32, epochs=3000, 2 层 [128,128], v_th 可训练, 硬 0/1
基准值: {'T': 8, 'sigma': 0.2, 'noise_reuse': 0, 'group_size': 0}

===== 扫描 group_size : [50, 55, 60, 65, 70, 75] =====
[group_size=50] ...
LORA UPDATE (12000, 128, 32) (12000, 784, 32)
LORA UPDATE (12000, 128, 32) (12000, 128, 32)
LORA UPDATE (12000, 10, 32) (12000, 128, 32)
  [group_size=50] val_acc=0.757 best_train=0.748
[group_size=55] ...
Traceback (most recent call last):
  File "/mnt/f/PythonProject/HyperscaleES/exp_params_sweep.py", line 227, in <module>
    main()
    ~~~~^^
  File "/mnt/f/PythonProject/HyperscaleES/exp_params_sweep.py", line 210, in main
    val, best = run()
                ~~~^^
  File "/mnt/f/PythonProject/HyperscaleES/exp_params_sweep.py", line 171, in run
    acc = step(e)
  File "/mnt/f/PythonProject/HyperscaleES/exp_params_sweep.py", line 162, in step
    fits = NOISER.convert_fitnesses(frozen_noiser, state["noiser_params"], raw)
  File "/mnt/f/PythonProject/HyperscaleES/src/hyperscalees/noiser/eggroll.py", line 109, in convert_fitnesses
    group_scores = raw_scores.reshape((-1, group_size))
  File "/root/hyperscalees-venv/lib/python3.14/site-packages/jax/_src/numpy/array_methods.py", line 375, in _reshape
    newshape = _compute_newshape(self, args[0] if len(args) == 1 else args)
  File "/root/hyperscalees-venv/lib/python3.14/site-packages/jax/_src/numpy/array_methods.py", line 532, in _compute_newshape
    raise TypeError(f"cannot reshape array of shape {arr.shape} (size {arr.size}) "
    ...<2 lines>...
                    f"not evenly divide {arr.size}")
TypeError: cannot reshape array of shape (12000,) (size 12000) into shape (-1, 55) because the product of specified axis sizes (55) does not evenly divide 12000
