[transformers] PyTorch was not found. Models won't be available and only tokenizers, configuration and file/data utilities can be used.
total_params = 134404 (含可训练 v_th)
hidden = [128, 128, 128], batch = 12000 (0.2x train), lr = 0.03 (fixed), sigma = 0.2, rank = 32, max_epochs = 10000
初始 v_th = [0.300/0.300/0.300], 初始 tau_m = 20.000 (VTH_PER_LAYER=True, TRAIN_TAU=False)
E0813 08:26:00.368662     632 cuda_executor.cc:1176] [0] Failed to allocate device memory of 4.00GiB (4294967296 bytes): RESOURCE_EXHAUSTED: : CUDA_ERROR_OUT_OF_MEMORY: out of memory
=== Source Location Trace: === 
external/xla/xla/stream_executor/cuda/cuda_status.cc:45
external/xla/xla/stream_executor/cuda/cuda_device_allocator.cc:226
external/xla/xla/stream_executor/cuda/cuda_device_allocator.cc:403

LORA UPDATE (12000, 128, 32) (12000, 784, 32)
LORA UPDATE (12000, 128, 32) (12000, 128, 32)
LORA UPDATE (12000, 128, 32) (12000, 128, 32)
LORA UPDATE (12000, 10, 32) (12000, 128, 32)
  calib: 0.908s/epoch
  epoch    50 | val 0.098 | best_train 0.102 | v_th [0.315/0.407/0.454] | tau 20.000 | 4s
  epoch   100 | val 0.098 | best_train 0.105 | v_th [0.362/0.421/0.692] | tau 20.000 | 6s
  epoch   150 | val 0.098 | best_train 0.106 | v_th [0.367/0.437/0.838] | tau 20.000 | 7s
  epoch   200 | val 0.098 | best_train 0.106 | v_th [0.344/0.515/0.909] | tau 20.000 | 9s
  epoch   250 | val 0.098 | best_train 0.106 | v_th [0.228/0.515/0.911] | tau 20.000 | 11s
  epoch   300 | val 0.244 | best_train 0.196 | v_th [0.155/0.465/0.995] | tau 20.000 | 12s
  epoch   350 | val 0.344 | best_train 0.290 | v_th [0.107/0.501/1.176] | tau 20.000 | 14s
  epoch   400 | val 0.357 | best_train 0.320 | v_th [0.104/0.509/1.328] | tau 20.000 | 15s
  epoch   450 | val 0.356 | best_train 0.332 | v_th [0.094/0.515/1.513] | tau 20.000 | 17s
  epoch   500 | val 0.360 | best_train 0.336 | v_th [0.094/0.510/1.591] | tau 20.000 | 19s
  epoch   550 | val 0.357 | best_train 0.340 | v_th [0.113/0.541/1.809] | tau 20.000 | 20s
  epoch   600 | val 0.358 | best_train 0.343 | v_th [0.134/0.478/1.899] | tau 20.000 | 22s
  epoch   650 | val 0.371 | best_train 0.348 | v_th [0.143/0.447/2.274] | tau 20.000 | 23s
  epoch   700 | val 0.362 | best_train 0.352 | v_th [0.148/0.435/2.524] | tau 20.000 | 25s
  epoch   750 | val 0.372 | best_train 0.352 | v_th [0.126/0.411/2.820] | tau 20.000 | 27s
  epoch   800 | val 0.408 | best_train 0.368 | v_th [0.140/0.399/2.918] | tau 20.000 | 28s
  epoch   850 | val 0.425 | best_train 0.385 | v_th [0.189/0.299/3.439] | tau 20.000 | 30s
  epoch   900 | val 0.427 | best_train 0.394 | v_th [0.186/0.327/3.521] | tau 20.000 | 31s
  epoch   950 | val 0.434 | best_train 0.405 | v_th [0.207/0.286/3.927] | tau 20.000 | 33s
  epoch  1000 | val 0.434 | best_train 0.410 | v_th [0.187/0.297/4.282] | tau 20.000 | 35s
  epoch  1050 | val 0.438 | best_train 0.416 | v_th [0.176/0.318/4.291] | tau 20.000 | 36s
  epoch  1100 | val 0.438 | best_train 0.421 | v_th [0.169/0.296/4.666] | tau 20.000 | 38s
  epoch  1150 | val 0.438 | best_train 0.422 | v_th [0.147/0.300/4.690] | tau 20.000 | 40s
  epoch  1200 | val 0.439 | best_train 0.433 | v_th [0.142/0.277/4.886] | tau 20.000 | 41s
  epoch  1250 | val 0.465 | best_train 0.433 | v_th [0.125/0.235/5.318] | tau 20.000 | 43s
  epoch  1300 | val 0.475 | best_train 0.446 | v_th [0.140/0.234/5.437] | tau 20.000 | 44s
  epoch  1350 | val 0.487 | best_train 0.456 | v_th [0.110/0.246/5.589] | tau 20.000 | 46s
  epoch  1400 | val 0.497 | best_train 0.458 | v_th [0.113/0.260/5.522] | tau 20.000 | 48s
  epoch  1450 | val 0.491 | best_train 0.469 | v_th [0.100/0.271/5.597] | tau 20.000 | 50s
  epoch  1500 | val 0.508 | best_train 0.481 | v_th [0.091/0.302/5.529] | tau 20.000 | 52s
  epoch  1550 | val 0.501 | best_train 0.481 | v_th [0.121/0.287/5.582] | tau 20.000 | 53s
  epoch  1600 | val 0.515 | best_train 0.484 | v_th [0.127/0.265/5.789] | tau 20.000 | 55s
  epoch  1650 | val 0.523 | best_train 0.492 | v_th [0.110/0.272/6.126] | tau 20.000 | 57s
  epoch  1700 | val 0.524 | best_train 0.498 | v_th [0.113/0.257/6.373] | tau 20.000 | 59s
  epoch  1750 | val 0.532 | best_train 0.501 | v_th [0.116/0.259/6.357] | tau 20.000 | 60s
  epoch  1800 | val 0.528 | best_train 0.501 | v_th [0.108/0.234/6.521] | tau 20.000 | 62s
  epoch  1850 | val 0.533 | best_train 0.506 | v_th [0.114/0.291/6.434] | tau 20.000 | 64s
  epoch  1900 | val 0.529 | best_train 0.506 | v_th [0.097/0.296/6.483] | tau 20.000 | 66s
  epoch  1950 | val 0.528 | best_train 0.506 | v_th [0.094/0.276/6.569] | tau 20.000 | 67s
  epoch  2000 | val 0.534 | best_train 0.506 | v_th [0.087/0.313/6.575] | tau 20.000 | 69s
  epoch  2050 | val 0.534 | best_train 0.506 | v_th [0.119/0.321/6.706] | tau 20.000 | 71s
  epoch  2100 | val 0.534 | best_train 0.510 | v_th [0.132/0.267/6.800] | tau 20.000 | 72s
  epoch  2150 | val 0.528 | best_train 0.515 | v_th [0.152/0.291/6.817] | tau 20.000 | 74s
  epoch  2200 | val 0.523 | best_train 0.516 | v_th [0.162/0.283/6.784] | tau 20.000 | 76s
  epoch  2250 | val 0.533 | best_train 0.521 | v_th [0.163/0.285/7.005] | tau 20.000 | 77s
  epoch  2300 | val 0.538 | best_train 0.521 | v_th [0.201/0.291/6.978] | tau 20.000 | 79s
  epoch  2350 | val 0.543 | best_train 0.521 | v_th [0.221/0.262/7.170] | tau 20.000 | 81s
  epoch  2400 | val 0.536 | best_train 0.523 | v_th [0.261/0.241/7.170] | tau 20.000 | 82s
  epoch  2450 | val 0.541 | best_train 0.525 | v_th [0.288/0.221/7.281] | tau 20.000 | 84s
  epoch  2500 | val 0.534 | best_train 0.525 | v_th [0.351/0.236/7.210] | tau 20.000 | 86s
  epoch  2550 | val 0.546 | best_train 0.526 | v_th [0.258/0.308/7.315] | tau 20.000 | 87s
  epoch  2600 | val 0.548 | best_train 0.526 | v_th [0.346/0.327/7.105] | tau 20.000 | 89s
  epoch  2650 | val 0.558 | best_train 0.529 | v_th [0.397/0.344/7.133] | tau 20.000 | 91s
  epoch  2700 | val 0.543 | best_train 0.529 | v_th [0.343/0.303/7.345] | tau 20.000 | 92s
  epoch  2750 | val 0.535 | best_train 0.529 | v_th [0.353/0.266/7.434] | tau 20.000 | 94s
  epoch  2800 | val 0.536 | best_train 0.529 | v_th [0.372/0.271/7.470] | tau 20.000 | 95s
  epoch  2850 | val 0.533 | best_train 0.529 | v_th [0.329/0.272/7.683] | tau 20.000 | 97s
  epoch  2900 | val 0.534 | best_train 0.531 | v_th [0.351/0.284/7.832] | tau 20.000 | 99s
  epoch  2950 | val 0.545 | best_train 0.531 | v_th [0.360/0.285/7.939] | tau 20.000 | 100s
  epoch  3000 | val 0.545 | best_train 0.534 | v_th [0.402/0.268/7.855] | tau 20.000 | 102s
  epoch  3050 | val 0.537 | best_train 0.534 | v_th [0.370/0.287/7.730] | tau 20.000 | 104s
  epoch  3100 | val 0.543 | best_train 0.534 | v_th [0.337/0.293/7.820] | tau 20.000 | 105s
  epoch  3150 | val 0.542 | best_train 0.534 | v_th [0.378/0.337/7.797] | tau 20.000 | 107s
  epoch  3200 | val 0.541 | best_train 0.534 | v_th [0.468/0.263/7.954] | tau 20.000 | 109s
  epoch  3250 | val 0.541 | best_train 0.534 | v_th [0.456/0.268/7.884] | tau 20.000 | 110s
  epoch  3300 | val 0.546 | best_train 0.535 | v_th [0.472/0.301/7.992] | tau 20.000 | 112s
  epoch  3350 | val 0.557 | best_train 0.537 | v_th [0.370/0.304/8.084] | tau 20.000 | 114s
  epoch  3400 | val 0.541 | best_train 0.537 | v_th [0.434/0.343/8.030] | tau 20.000 | 115s
  epoch  3450 | val 0.532 | best_train 0.537 | v_th [0.432/0.337/7.971] | tau 20.000 | 117s
  epoch  3500 | val 0.540 | best_train 0.537 | v_th [0.467/0.333/8.129] | tau 20.000 | 119s
  epoch  3550 | val 0.538 | best_train 0.537 | v_th [0.403/0.354/8.302] | tau 20.000 | 121s
  epoch  3600 | val 0.546 | best_train 0.537 | v_th [0.409/0.391/8.428] | tau 20.000 | 122s
  epoch  3650 | val 0.542 | best_train 0.537 | v_th [0.470/0.423/8.542] | tau 20.000 | 124s
  epoch  3700 | val 0.542 | best_train 0.537 | v_th [0.481/0.362/8.693] | tau 20.000 | 125s
  epoch  3750 | val 0.538 | best_train 0.537 | v_th [0.423/0.375/8.724] | tau 20.000 | 127s
  epoch  3800 | val 0.540 | best_train 0.537 | v_th [0.456/0.423/8.487] | tau 20.000 | 129s
  epoch  3850 | val 0.548 | best_train 0.537 | v_th [0.389/0.442/8.630] | tau 20.000 | 131s
  epoch  3900 | val 0.544 | best_train 0.537 | v_th [0.381/0.444/8.757] | tau 20.000 | 132s
  epoch  3950 | val 0.541 | best_train 0.537 | v_th [0.467/0.421/8.910] | tau 20.000 | 134s
  epoch  4000 | val 0.546 | best_train 0.537 | v_th [0.384/0.428/8.963] | tau 20.000 | 135s
  epoch  4050 | val 0.544 | best_train 0.541 | v_th [0.429/0.434/8.893] | tau 20.000 | 137s
  epoch  4100 | val 0.557 | best_train 0.553 | v_th [0.543/0.375/8.834] | tau 20.000 | 139s
  epoch  4150 | val 0.552 | best_train 0.553 | v_th [0.489/0.342/9.115] | tau 20.000 | 141s
  epoch  4200 | val 0.563 | best_train 0.560 | v_th [0.572/0.351/9.043] | tau 20.000 | 142s
  epoch  4250 | val 0.569 | best_train 0.570 | v_th [0.439/0.349/9.371] | tau 20.000 | 144s
  epoch  4300 | val 0.570 | best_train 0.573 | v_th [0.416/0.372/9.428] | tau 20.000 | 146s
  epoch  4350 | val 0.588 | best_train 0.573 | v_th [0.531/0.324/9.453] | tau 20.000 | 147s
  epoch  4400 | val 0.594 | best_train 0.578 | v_th [0.494/0.341/9.428] | tau 20.000 | 149s
  epoch  4450 | val 0.593 | best_train 0.586 | v_th [0.535/0.374/9.430] | tau 20.000 | 151s
  epoch  4500 | val 0.593 | best_train 0.586 | v_th [0.488/0.420/9.539] | tau 20.000 | 152s
  epoch  4550 | val 0.606 | best_train 0.586 | v_th [0.541/0.444/9.503] | tau 20.000 | 154s
  epoch  4600 | val 0.596 | best_train 0.586 | v_th [0.612/0.418/9.573] | tau 20.000 | 156s
  epoch  4650 | val 0.580 | best_train 0.586 | v_th [0.664/0.394/9.724] | tau 20.000 | 157s
  epoch  4700 | val 0.593 | best_train 0.586 | v_th [0.564/0.383/9.905] | tau 20.000 | 159s
  epoch  4750 | val 0.599 | best_train 0.586 | v_th [0.567/0.381/9.993] | tau 20.000 | 161s
  epoch  4800 | val 0.589 | best_train 0.586 | v_th [0.640/0.366/9.859] | tau 20.000 | 162s
  epoch  4850 | val 0.600 | best_train 0.586 | v_th [0.584/0.426/9.801] | tau 20.000 | 164s
  epoch  4900 | val 0.589 | best_train 0.586 | v_th [0.568/0.407/9.874] | tau 20.000 | 166s
  epoch  4950 | val 0.600 | best_train 0.586 | v_th [0.500/0.406/9.977] | tau 20.000 | 167s
  epoch  5000 | val 0.589 | best_train 0.586 | v_th [0.486/0.413/10.064] | tau 20.000 | 169s
  epoch  5050 | val 0.594 | best_train 0.586 | v_th [0.438/0.458/10.194] | tau 20.000 | 171s
  epoch  5100 | val 0.596 | best_train 0.586 | v_th [0.403/0.463/10.167] | tau 20.000 | 172s
  epoch  5150 | val 0.598 | best_train 0.587 | v_th [0.512/0.419/10.312] | tau 20.000 | 174s
  epoch  5200 | val 0.585 | best_train 0.589 | v_th [0.550/0.414/10.076] | tau 20.000 | 176s
  epoch  5250 | val 0.612 | best_train 0.593 | v_th [0.504/0.445/10.031] | tau 20.000 | 177s
  epoch  5300 | val 0.592 | best_train 0.593 | v_th [0.555/0.470/9.762] | tau 20.000 | 179s
  epoch  5350 | val 0.593 | best_train 0.593 | v_th [0.461/0.522/9.793] | tau 20.000 | 181s
  epoch  5400 | val 0.603 | best_train 0.596 | v_th [0.513/0.523/9.622] | tau 20.000 | 183s
  epoch  5450 | val 0.596 | best_train 0.596 | v_th [0.554/0.512/9.732] | tau 20.000 | 184s
  epoch  5500 | val 0.600 | best_train 0.598 | v_th [0.467/0.580/9.903] | tau 20.000 | 186s
  epoch  5550 | val 0.599 | best_train 0.602 | v_th [0.472/0.519/9.923] | tau 20.000 | 188s
  epoch  5600 | val 0.607 | best_train 0.602 | v_th [0.519/0.426/10.370] | tau 20.000 | 189s
  epoch  5650 | val 0.601 | best_train 0.602 | v_th [0.604/0.424/10.390] | tau 20.000 | 191s
  epoch  5700 | val 0.598 | best_train 0.602 | v_th [0.499/0.453/10.401] | tau 20.000 | 193s
  epoch  5750 | val 0.591 | best_train 0.602 | v_th [0.485/0.488/10.377] | tau 20.000 | 194s
  epoch  5800 | val 0.604 | best_train 0.602 | v_th [0.494/0.517/10.144] | tau 20.000 | 196s
  epoch  5850 | val 0.607 | best_train 0.602 | v_th [0.584/0.494/10.363] | tau 20.000 | 198s
  epoch  5900 | val 0.611 | best_train 0.603 | v_th [0.685/0.469/10.435] | tau 20.000 | 199s
  epoch  5950 | val 0.611 | best_train 0.603 | v_th [0.693/0.462/10.565] | tau 20.000 | 201s
  epoch  6000 | val 0.615 | best_train 0.606 | v_th [0.661/0.473/10.579] | tau 20.000 | 203s
  epoch  6050 | val 0.613 | best_train 0.606 | v_th [0.589/0.454/10.919] | tau 20.000 | 204s
  epoch  6100 | val 0.608 | best_train 0.606 | v_th [0.598/0.482/10.889] | tau 20.000 | 206s
  epoch  6150 | val 0.604 | best_train 0.606 | v_th [0.674/0.470/10.806] | tau 20.000 | 208s
  epoch  6200 | val 0.600 | best_train 0.606 | v_th [0.774/0.485/10.831] | tau 20.000 | 209s
  epoch  6250 | val 0.614 | best_train 0.606 | v_th [0.782/0.441/11.106] | tau 20.000 | 211s
  epoch  6300 | val 0.614 | best_train 0.606 | v_th [0.766/0.405/11.360] | tau 20.000 | 213s
  epoch  6350 | val 0.605 | best_train 0.606 | v_th [0.813/0.390/11.524] | tau 20.000 | 215s
  epoch  6400 | val 0.604 | best_train 0.606 | v_th [0.724/0.384/11.748] | tau 20.000 | 216s
  epoch  6450 | val 0.611 | best_train 0.610 | v_th [0.676/0.370/11.886] | tau 20.000 | 218s
  epoch  6500 | val 0.608 | best_train 0.610 | v_th [0.711/0.438/11.833] | tau 20.000 | 219s
  epoch  6550 | val 0.618 | best_train 0.610 | v_th [0.748/0.401/11.595] | tau 20.000 | 221s
  epoch  6600 | val 0.613 | best_train 0.611 | v_th [0.750/0.334/11.843] | tau 20.000 | 223s
  epoch  6650 | val 0.623 | best_train 0.611 | v_th [0.701/0.379/12.025] | tau 20.000 | 225s
  epoch  6700 | val 0.628 | best_train 0.611 | v_th [0.704/0.356/12.140] | tau 20.000 | 226s
  epoch  6750 | val 0.630 | best_train 0.611 | v_th [0.717/0.371/12.221] | tau 20.000 | 228s
  epoch  6800 | val 0.614 | best_train 0.611 | v_th [0.735/0.367/12.393] | tau 20.000 | 230s
  epoch  6850 | val 0.616 | best_train 0.611 | v_th [0.773/0.392/12.107] | tau 20.000 | 231s
  epoch  6900 | val 0.603 | best_train 0.611 | v_th [0.772/0.409/12.047] | tau 20.000 | 233s
  epoch  6950 | val 0.609 | best_train 0.611 | v_th [0.799/0.395/12.145] | tau 20.000 | 235s
  epoch  7000 | val 0.609 | best_train 0.611 | v_th [0.594/0.415/12.565] | tau 20.000 | 236s
  epoch  7050 | val 0.608 | best_train 0.611 | v_th [0.620/0.347/12.815] | tau 20.000 | 238s
  epoch  7100 | val 0.601 | best_train 0.611 | v_th [0.577/0.353/12.658] | tau 20.000 | 240s
  epoch  7150 | val 0.604 | best_train 0.611 | v_th [0.653/0.383/12.726] | tau 20.000 | 241s
  epoch  7200 | val 0.611 | best_train 0.612 | v_th [0.717/0.420/12.515] | tau 20.000 | 243s
  epoch  7250 | val 0.614 | best_train 0.615 | v_th [0.780/0.409/12.132] | tau 20.000 | 244s
  epoch  7300 | val 0.612 | best_train 0.618 | v_th [0.866/0.365/12.288] | tau 20.000 | 246s
  epoch  7350 | val 0.610 | best_train 0.619 | v_th [0.876/0.388/12.257] | tau 20.000 | 248s
  epoch  7400 | val 0.609 | best_train 0.619 | v_th [0.833/0.367/12.299] | tau 20.000 | 249s
  epoch  7450 | val 0.606 | best_train 0.619 | v_th [0.878/0.341/12.461] | tau 20.000 | 251s
  epoch  7500 | val 0.599 | best_train 0.619 | v_th [0.841/0.344/12.530] | tau 20.000 | 253s
  epoch  7550 | val 0.609 | best_train 0.619 | v_th [0.767/0.433/12.314] | tau 20.000 | 254s
  epoch  7600 | val 0.625 | best_train 0.619 | v_th [0.910/0.401/12.157] | tau 20.000 | 256s
  epoch  7650 | val 0.627 | best_train 0.619 | v_th [0.876/0.376/12.170] | tau 20.000 | 258s
  epoch  7700 | val 0.610 | best_train 0.619 | v_th [0.898/0.472/12.195] | tau 20.000 | 259s
  epoch  7750 | val 0.619 | best_train 0.619 | v_th [0.739/0.505/12.287] | tau 20.000 | 261s
  epoch  7800 | val 0.621 | best_train 0.619 | v_th [0.736/0.551/12.117] | tau 20.000 | 263s
  epoch  7850 | val 0.611 | best_train 0.620 | v_th [0.833/0.516/12.155] | tau 20.000 | 264s
  epoch  7900 | val 0.617 | best_train 0.620 | v_th [0.716/0.522/12.325] | tau 20.000 | 266s
  epoch  7950 | val 0.624 | best_train 0.620 | v_th [0.733/0.562/12.291] | tau 20.000 | 268s
  epoch  8000 | val 0.617 | best_train 0.620 | v_th [0.686/0.532/12.185] | tau 20.000 | 269s
  epoch  8050 | val 0.626 | best_train 0.620 | v_th [0.819/0.479/12.378] | tau 20.000 | 271s
  epoch  8100 | val 0.616 | best_train 0.620 | v_th [0.698/0.560/12.394] | tau 20.000 | 272s
  epoch  8150 | val 0.625 | best_train 0.620 | v_th [0.742/0.478/12.462] | tau 20.000 | 274s
  epoch  8200 | val 0.618 | best_train 0.620 | v_th [0.658/0.467/12.763] | tau 20.000 | 276s
  epoch  8250 | val 0.619 | best_train 0.620 | v_th [0.721/0.437/12.840] | tau 20.000 | 277s
  epoch  8300 | val 0.626 | best_train 0.620 | v_th [0.715/0.429/12.968] | tau 20.000 | 279s
  epoch  8350 | val 0.637 | best_train 0.623 | v_th [0.700/0.466/12.968] | tau 20.000 | 280s
  epoch  8400 | val 0.626 | best_train 0.623 | v_th [0.889/0.422/12.778] | tau 20.000 | 282s
  epoch  8450 | val 0.634 | best_train 0.623 | v_th [0.748/0.412/12.829] | tau 20.000 | 284s
  epoch  8500 | val 0.646 | best_train 0.626 | v_th [0.818/0.443/12.584] | tau 20.000 | 285s
  epoch  8550 | val 0.645 | best_train 0.626 | v_th [0.922/0.361/12.797] | tau 20.000 | 287s
  epoch  8600 | val 0.639 | best_train 0.628 | v_th [0.817/0.342/12.879] | tau 20.000 | 288s
  epoch  8650 | val 0.641 | best_train 0.628 | v_th [0.789/0.368/12.876] | tau 20.000 | 290s
  epoch  8700 | val 0.641 | best_train 0.630 | v_th [0.855/0.410/12.842] | tau 20.000 | 292s
  epoch  8750 | val 0.636 | best_train 0.632 | v_th [0.866/0.373/12.884] | tau 20.000 | 293s
  epoch  8800 | val 0.635 | best_train 0.632 | v_th [0.790/0.426/12.805] | tau 20.000 | 295s
  epoch  8850 | val 0.634 | best_train 0.632 | v_th [0.856/0.405/12.950] | tau 20.000 | 296s
  epoch  8900 | val 0.638 | best_train 0.633 | v_th [0.785/0.492/13.101] | tau 20.000 | 298s
  epoch  8950 | val 0.643 | best_train 0.633 | v_th [0.901/0.434/13.212] | tau 20.000 | 300s
  epoch  9000 | val 0.638 | best_train 0.633 | v_th [0.913/0.404/13.276] | tau 20.000 | 301s
  epoch  9050 | val 0.632 | best_train 0.633 | v_th [0.963/0.403/13.286] | tau 20.000 | 303s
  epoch  9100 | val 0.645 | best_train 0.633 | v_th [0.937/0.450/13.183] | tau 20.000 | 304s
  epoch  9150 | val 0.647 | best_train 0.636 | v_th [0.902/0.476/13.293] | tau 20.000 | 306s
  epoch  9200 | val 0.644 | best_train 0.636 | v_th [0.801/0.470/13.382] | tau 20.000 | 308s
  epoch  9250 | val 0.644 | best_train 0.637 | v_th [1.024/0.467/13.268] | tau 20.000 | 309s
  epoch  9300 | val 0.636 | best_train 0.637 | v_th [0.805/0.563/13.126] | tau 20.000 | 311s
  epoch  9350 | val 0.635 | best_train 0.637 | v_th [0.637/0.602/13.254] | tau 20.000 | 312s
  epoch  9400 | val 0.653 | best_train 0.639 | v_th [0.765/0.617/13.027] | tau 20.000 | 314s
  epoch  9450 | val 0.646 | best_train 0.639 | v_th [0.771/0.567/13.207] | tau 20.000 | 316s
  epoch  9500 | val 0.651 | best_train 0.639 | v_th [0.761/0.602/13.128] | tau 20.000 | 317s
  epoch  9550 | val 0.646 | best_train 0.646 | v_th [0.809/0.568/13.203] | tau 20.000 | 319s
  epoch  9600 | val 0.646 | best_train 0.646 | v_th [0.714/0.603/13.338] | tau 20.000 | 320s
  epoch  9650 | val 0.641 | best_train 0.646 | v_th [0.845/0.493/13.683] | tau 20.000 | 322s
  epoch  9700 | val 0.646 | best_train 0.646 | v_th [0.951/0.426/13.831] | tau 20.000 | 323s
  epoch  9750 | val 0.646 | best_train 0.651 | v_th [0.830/0.521/13.702] | tau 20.000 | 325s
  epoch  9800 | val 0.642 | best_train 0.651 | v_th [0.824/0.536/13.971] | tau 20.000 | 327s
  epoch  9850 | val 0.655 | best_train 0.651 | v_th [0.763/0.546/14.026] | tau 20.000 | 328s
  epoch  9900 | val 0.654 | best_train 0.652 | v_th [0.638/0.580/14.048] | tau 20.000 | 330s
  epoch  9950 | val 0.653 | best_train 0.660 | v_th [0.729/0.509/14.377] | tau 20.000 | 331s
  epoch 10000 | val 0.655 | best_train 0.660 | v_th [0.855/0.469/14.446] | tau 20.000 | 333s

===== 可训练 LIF 超参实验汇总 =====
epochs=10000 val_acc=0.655 best_train=0.660 v_th(0.300 -> [0.855/0.469/14.446]) tau(20.0 -> 20.000) (333s)

results appended to results_vth_trainable_h128_128_128_perlayer_fixed.csv
