[transformers] PyTorch was not found. Models won't be available and only tokenizers, configuration and file/data utilities can be used.
固定: batch=12000, lr=0.03, rank=32, epochs=3000, 2 层 [128,128], v_th 可训练, 硬 0/1
基准值: {'T': 8, 'sigma': 0.2, 'noise_reuse': 0, 'group_size': 0}

===== 扫描 T : [8, 16, 32, 64] =====
[T=8] ...
LORA UPDATE (12000, 128, 32) (12000, 784, 32)
LORA UPDATE (12000, 128, 32) (12000, 128, 32)
LORA UPDATE (12000, 10, 32) (12000, 128, 32)
  [T=8] val_acc=0.827 best_train=0.812
[T=16] ...
LORA UPDATE (12000, 128, 32) (12000, 784, 32)
LORA UPDATE (12000, 128, 32) (12000, 128, 32)
LORA UPDATE (12000, 10, 32) (12000, 128, 32)
  [T=16] val_acc=0.772 best_train=0.756
[T=32] ...
LORA UPDATE (12000, 128, 32) (12000, 784, 32)
LORA UPDATE (12000, 128, 32) (12000, 128, 32)
LORA UPDATE (12000, 10, 32) (12000, 128, 32)
  [T=32] val_acc=0.833 best_train=0.819
[T=64] ...
E0813 10:15:59.371180     445 cuda_executor.cc:1176] [0] Failed to allocate device memory of 4.00GiB (4294967296 bytes): RESOURCE_EXHAUSTED: : CUDA_ERROR_OUT_OF_MEMORY: out of memory
=== Source Location Trace: ===
external/xla/xla/stream_executor/cuda/cuda_status.cc:45
external/xla/xla/stream_executor/cuda/cuda_device_allocator.cc:226
external/xla/xla/stream_executor/cuda/cuda_device_allocator.cc:403

E0813 10:15:59.508486     445 cuda_executor.cc:1176] [0] Failed to allocate device memory of 8.00GiB (8589934592 bytes): RESOURCE_EXHAUSTED: : CUDA_ERROR_OUT_OF_MEMORY: out of memory
=== Source Location Trace: ===
external/xla/xla/stream_executor/cuda/cuda_status.cc:45
external/xla/xla/stream_executor/cuda/cuda_device_allocator.cc:226
external/xla/xla/stream_executor/cuda/cuda_device_allocator.cc:403

E0813 10:15:59.509514     445 cuda_executor.cc:1176] [0] Failed to allocate device memory of 7.20GiB (7730940928 bytes): RESOURCE_EXHAUSTED: : CUDA_ERROR_OUT_OF_MEMORY: out of memory
=== Source Location Trace: ===
external/xla/xla/stream_executor/cuda/cuda_status.cc:45
external/xla/xla/stream_executor/cuda/cuda_device_allocator.cc:226
external/xla/xla/stream_executor/cuda/cuda_device_allocator.cc:403

E0813 10:15:59.510550     445 cuda_executor.cc:1176] [0] Failed to allocate device memory of 6.48GiB (6957846528 bytes): RESOURCE_EXHAUSTED: : CUDA_ERROR_OUT_OF_MEMORY: out of memory
=== Source Location Trace: ===
external/xla/xla/stream_executor/cuda/cuda_status.cc:45
external/xla/xla/stream_executor/cuda/cuda_device_allocator.cc:226
external/xla/xla/stream_executor/cuda/cuda_device_allocator.cc:403

E0813 10:15:59.511463     445 cuda_executor.cc:1176] [0] Failed to allocate device memory of 5.83GiB (6262061568 bytes): RESOURCE_EXHAUSTED: : CUDA_ERROR_OUT_OF_MEMORY: out of memory
=== Source Location Trace: ===
external/xla/xla/stream_executor/cuda/cuda_status.cc:45
external/xla/xla/stream_executor/cuda/cuda_device_allocator.cc:226
external/xla/xla/stream_executor/cuda/cuda_device_allocator.cc:403

E0813 10:15:59.512434     445 cuda_executor.cc:1176] [0] Failed to allocate device memory of 5.25GiB (5635855360 bytes): RESOURCE_EXHAUSTED: : CUDA_ERROR_OUT_OF_MEMORY: out of memory
=== Source Location Trace: ===
external/xla/xla/stream_executor/cuda/cuda_status.cc:45
external/xla/xla/stream_executor/cuda/cuda_device_allocator.cc:226
external/xla/xla/stream_executor/cuda/cuda_device_allocator.cc:403

E0813 10:15:59.513382     445 cuda_executor.cc:1176] [0] Failed to allocate device memory of 4.72GiB (5072269824 bytes): RESOURCE_EXHAUSTED: : CUDA_ERROR_OUT_OF_MEMORY: out of memory
=== Source Location Trace: ===
external/xla/xla/stream_executor/cuda/cuda_status.cc:45
external/xla/xla/stream_executor/cuda/cuda_device_allocator.cc:226
external/xla/xla/stream_executor/cuda/cuda_device_allocator.cc:403

E0813 10:15:59.514583     445 cuda_executor.cc:1176] [0] Failed to allocate device memory of 4.25GiB (4565042688 bytes): RESOURCE_EXHAUSTED: : CUDA_ERROR_OUT_OF_MEMORY: out of memory
=== Source Location Trace: ===
external/xla/xla/stream_executor/cuda/cuda_status.cc:45
external/xla/xla/stream_executor/cuda/cuda_device_allocator.cc:226
external/xla/xla/stream_executor/cuda/cuda_device_allocator.cc:403

LORA UPDATE (12000, 128, 32) (12000, 784, 32)
LORA UPDATE (12000, 128, 32) (12000, 128, 32)
LORA UPDATE (12000, 10, 32) (12000, 128, 32)
  [T=64] val_acc=0.836 best_train=0.821

===== 扫描 sigma : [0.1, 0.2, 0.3, 0.4] =====
[sigma=0.1] ...
LORA UPDATE (12000, 128, 32) (12000, 784, 32)
LORA UPDATE (12000, 128, 32) (12000, 128, 32)
LORA UPDATE (12000, 10, 32) (12000, 128, 32)
  [sigma=0.1] val_acc=0.752 best_train=0.750
[sigma=0.2] ...
LORA UPDATE (12000, 128, 32) (12000, 784, 32)
LORA UPDATE (12000, 128, 32) (12000, 128, 32)
LORA UPDATE (12000, 10, 32) (12000, 128, 32)
  [sigma=0.2] val_acc=0.827 best_train=0.812
[sigma=0.3] ...
LORA UPDATE (12000, 128, 32) (12000, 784, 32)
LORA UPDATE (12000, 128, 32) (12000, 128, 32)
LORA UPDATE (12000, 10, 32) (12000, 128, 32)
  [sigma=0.3] val_acc=0.828 best_train=0.795
[sigma=0.4] ...
LORA UPDATE (12000, 128, 32) (12000, 784, 32)
LORA UPDATE (12000, 128, 32) (12000, 128, 32)
LORA UPDATE (12000, 10, 32) (12000, 128, 32)
  [sigma=0.4] val_acc=0.723 best_train=0.701

===== 扫描 noise_reuse : [0, 1, 2, 4] =====
[noise_reuse=0] ...
LORA UPDATE (12000, 128, 32) (12000, 784, 32)
LORA UPDATE (12000, 128, 32) (12000, 128, 32)
LORA UPDATE (12000, 10, 32) (12000, 128, 32)
  [noise_reuse=0] val_acc=0.827 best_train=0.812
[noise_reuse=1] ...
LORA UPDATE (12000, 128, 32) (12000, 784, 32)
LORA UPDATE (12000, 128, 32) (12000, 128, 32)
LORA UPDATE (12000, 10, 32) (12000, 128, 32)
  [noise_reuse=1] val_acc=0.828 best_train=0.818
[noise_reuse=2] ...
LORA UPDATE (12000, 128, 32) (12000, 784, 32)
LORA UPDATE (12000, 128, 32) (12000, 128, 32)
LORA UPDATE (12000, 10, 32) (12000, 128, 32)
  [noise_reuse=2] val_acc=0.819 best_train=0.819
[noise_reuse=4] ...
LORA UPDATE (12000, 128, 32) (12000, 784, 32)
LORA UPDATE (12000, 128, 32) (12000, 128, 32)
LORA UPDATE (12000, 10, 32) (12000, 128, 32)
  [noise_reuse=4] val_acc=0.819 best_train=0.814

===== 扫描 group_size : [0, 50, 100, 200] =====
[group_size=0] ...
LORA UPDATE (12000, 128, 32) (12000, 784, 32)
LORA UPDATE (12000, 128, 32) (12000, 128, 32)
LORA UPDATE (12000, 10, 32) (12000, 128, 32)
  [group_size=0] val_acc=0.827 best_train=0.812
[group_size=50] ...
LORA UPDATE (12000, 128, 32) (12000, 784, 32)
LORA UPDATE (12000, 128, 32) (12000, 128, 32)
LORA UPDATE (12000, 10, 32) (12000, 128, 32)
  [group_size=50] val_acc=0.840 best_train=0.811
[group_size=100] ...
LORA UPDATE (12000, 128, 32) (12000, 784, 32)
LORA UPDATE (12000, 128, 32) (12000, 128, 32)
LORA UPDATE (12000, 10, 32) (12000, 128, 32)
  [group_size=100] val_acc=0.757 best_train=0.744
[group_size=200] ...
LORA UPDATE (12000, 128, 32) (12000, 784, 32)
LORA UPDATE (12000, 128, 32) (12000, 128, 32)
LORA UPDATE (12000, 10, 32) (12000, 128, 32)
  [group_size=200] val_acc=0.762 best_train=0.749

===== 参数扫描汇总（控制变量法） =====
--- T ---
  T=     8  val_acc=0.8271  best_train=0.8116
  T=    16  val_acc=0.7725  best_train=0.7556
  T=    32  val_acc=0.8330  best_train=0.8191
  T=    64  val_acc=0.8359  best_train=0.8210
--- sigma ---
  sigma=   0.1  val_acc=0.7520  best_train=0.7501
  sigma=   0.2  val_acc=0.8271  best_train=0.8116
  sigma=   0.3  val_acc=0.8281  best_train=0.7950
  sigma=   0.4  val_acc=0.7227  best_train=0.7007
--- noise_reuse ---
  noise_reuse=     0  val_acc=0.8271  best_train=0.8116
  noise_reuse=     1  val_acc=0.8281  best_train=0.8179
  noise_reuse=     2  val_acc=0.8193  best_train=0.8190
  noise_reuse=     4  val_acc=0.8193  best_train=0.8137
--- group_size ---
  group_size=     0  val_acc=0.8271  best_train=0.8116
  group_size=    50  val_acc=0.8398  best_train=0.8112
  group_size=   100  val_acc=0.7568  best_train=0.7443
  group_size=   200  val_acc=0.7617  best_train=0.7492

results appended to results_params_sweep.csv
