[sweep] rank=  64  已完成(best_val=0.9137)，跳过
[sweep] rank=  96  已完成(best_val=0.9120)，跳过
[sweep] rank= 128  已完成(best_val=0.9118)，跳过
[sweep] rank= 256  accumulate=20  chunk= 3000  ...
  -> best_val=0.9152  best_train=0.8914
[plot] saved records/rank_sweep/accuracy_vs_rank.png
[sweep] rank= 512  accumulate=40  chunk= 1500  ...
  -> best_val=0.9109  best_train=0.8841
[plot] saved records/rank_sweep/accuracy_vs_rank.png
[sweep] rank=1024  accumulate=80  chunk=  750  ...
  -> best_val=0.9116  best_train=0.8892
[plot] saved records/rank_sweep/accuracy_vs_rank.png

=== rank 扫描完成 ===
  rank=  64  best_val=0.9137  best_train=0.8868
  rank=  96  best_val=0.9120  best_train=0.8864
  rank= 128  best_val=0.9118  best_train=0.8845
  rank= 256  best_val=0.9152  best_train=0.8914
  rank= 512  best_val=0.9109  best_train=0.8841
  rank=1024  best_val=0.9116  best_train=0.8892
结果: records/rank_sweep/results.json
图:   records/rank_sweep/accuracy_vs_rank.png
