[transformers] PyTorch was not found. Models won't be available and only tokenizers, configuration and file/data utilities can be used.
E0813 22:26:59.688938     546 cuda_executor.cc:1176] [0] Failed to allocate device memory of 4.00GiB (4294967296 bytes): RESOURCE_EXHAUSTED: : CUDA_ERROR_OUT_OF_MEMORY: out of memory
=== Source Location Trace: ===
external/xla/xla/stream_executor/cuda/cuda_status.cc:45
external/xla/xla/stream_executor/cuda/cuda_device_allocator.cc:226
external/xla/xla/stream_executor/cuda/cuda_device_allocator.cc:403

E0813 22:26:59.871277     546 cuda_executor.cc:1176] [0] Failed to allocate device memory of 4.00GiB (4294967296 bytes): RESOURCE_EXHAUSTED: : CUDA_ERROR_OUT_OF_MEMORY: out of memory
=== Source Location Trace: ===
external/xla/xla/stream_executor/cuda/cuda_status.cc:45
external/xla/xla/stream_executor/cuda/cuda_device_allocator.cc:226
external/xla/xla/stream_executor/cuda/cuda_device_allocator.cc:403

E0813 22:27:00.568671     459 cuda_executor.cc:1176] [0] Failed to allocate device memory of 8.00GiB (8589934592 bytes): RESOURCE_EXHAUSTED: : CUDA_ERROR_OUT_OF_MEMORY: out of memory
=== Source Location Trace: ===
external/xla/xla/stream_executor/cuda/cuda_status.cc:45
external/xla/xla/stream_executor/cuda/cuda_device_allocator.cc:226
external/xla/xla/stream_executor/cuda/cuda_device_allocator.cc:403

E0813 22:27:00.569902     459 cuda_executor.cc:1176] [0] Failed to allocate device memory of 7.20GiB (7730940928 bytes): RESOURCE_EXHAUSTED: : CUDA_ERROR_OUT_OF_MEMORY: out of memory
=== Source Location Trace: ===
external/xla/xla/stream_executor/cuda/cuda_status.cc:45
external/xla/xla/stream_executor/cuda/cuda_device_allocator.cc:226
external/xla/xla/stream_executor/cuda/cuda_device_allocator.cc:403

E0813 22:27:00.571783     459 cuda_executor.cc:1176] [0] Failed to allocate device memory of 6.48GiB (6957846528 bytes): RESOURCE_EXHAUSTED: : CUDA_ERROR_OUT_OF_MEMORY: out of memory
=== Source Location Trace: ===
external/xla/xla/stream_executor/cuda/cuda_status.cc:45
external/xla/xla/stream_executor/cuda/cuda_device_allocator.cc:226
external/xla/xla/stream_executor/cuda/cuda_device_allocator.cc:403

E0813 22:27:00.572736     459 cuda_executor.cc:1176] [0] Failed to allocate device memory of 5.83GiB (6262061568 bytes): RESOURCE_EXHAUSTED: : CUDA_ERROR_OUT_OF_MEMORY: out of memory
=== Source Location Trace: ===
external/xla/xla/stream_executor/cuda/cuda_status.cc:45
external/xla/xla/stream_executor/cuda/cuda_device_allocator.cc:226
external/xla/xla/stream_executor/cuda/cuda_device_allocator.cc:403

E0813 22:27:00.573996     459 cuda_executor.cc:1176] [0] Failed to allocate device memory of 5.25GiB (5635855360 bytes): RESOURCE_EXHAUSTED: : CUDA_ERROR_OUT_OF_MEMORY: out of memory
=== Source Location Trace: ===
external/xla/xla/stream_executor/cuda/cuda_status.cc:45
external/xla/xla/stream_executor/cuda/cuda_device_allocator.cc:226
external/xla/xla/stream_executor/cuda/cuda_device_allocator.cc:403

E0813 22:27:00.576205     459 cuda_executor.cc:1176] [0] Failed to allocate device memory of 4.72GiB (5072269824 bytes): RESOURCE_EXHAUSTED: : CUDA_ERROR_OUT_OF_MEMORY: out of memory
=== Source Location Trace: ===
external/xla/xla/stream_executor/cuda/cuda_status.cc:45
external/xla/xla/stream_executor/cuda/cuda_device_allocator.cc:226
external/xla/xla/stream_executor/cuda/cuda_device_allocator.cc:403

E0813 22:27:00.577248     459 cuda_executor.cc:1176] [0] Failed to allocate device memory of 4.25GiB (4565042688 bytes): RESOURCE_EXHAUSTED: : CUDA_ERROR_OUT_OF_MEMORY: out of memory
=== Source Location Trace: ===
external/xla/xla/stream_executor/cuda/cuda_status.cc:45
external/xla/xla/stream_executor/cuda/cuda_device_allocator.cc:226
external/xla/xla/stream_executor/cuda/cuda_device_allocator.cc:403

[env] devices=1 batch=60000 accumulate=5 chunk=12000 rank=64 T=8
[data] train=60000 test=10000 dir=/mnt/f/PythonProject/HyperscaleES/data/MNIST/raw
Compiling...
LORA UPDATE (12000, 128, 64) (12000, 784, 64)
LORA UPDATE (12000, 128, 64) (12000, 128, 64)
LORA UPDATE (12000, 10, 64) (12000, 128, 64)
Warm-up done in 8.4s
LORA UPDATE (12000, 128, 64) (12000, 784, 64)
LORA UPDATE (12000, 128, 64) (12000, 128, 64)
LORA UPDATE (12000, 10, 64) (12000, 128, 64)
epoch     0 | train_acc 0.0858 | best 0.0858 | val_acc 0.0980 | best_val 0.0980 | 5.71s | cum 5.7s
epoch    10 | train_acc 0.0853 | best 0.0872 | 0.19s | cum 7.7s
epoch    20 | train_acc 0.0906 | best 0.0906 | 0.19s | cum 9.5s
epoch    30 | train_acc 0.1048 | best 0.1048 | 0.18s | cum 11.4s
epoch    40 | train_acc 0.1104 | best 0.1104 | 0.19s | cum 13.4s
epoch    50 | train_acc 0.1119 | best 0.1153 | val_acc 0.0989 | best_val 0.0989 | 0.25s | cum 15.3s
epoch    60 | train_acc 0.1199 | best 0.1202 | 0.19s | cum 17.2s
epoch    70 | train_acc 0.1217 | best 0.1223 | 0.19s | cum 19.1s
epoch    80 | train_acc 0.1237 | best 0.1257 | 0.19s | cum 21.1s
epoch    90 | train_acc 0.1277 | best 0.1283 | 0.25s | cum 23.0s
epoch   100 | train_acc 0.1292 | best 0.1292 | val_acc 0.1002 | best_val 0.1002 | 0.25s | cum 24.9s
epoch   110 | train_acc 0.1361 | best 0.1361 | 0.18s | cum 26.7s
epoch   120 | train_acc 0.1413 | best 0.1413 | 0.19s | cum 28.7s
epoch   130 | train_acc 0.1518 | best 0.1518 | 0.19s | cum 30.6s
epoch   140 | train_acc 0.1665 | best 0.1665 | 0.19s | cum 32.5s
epoch   150 | train_acc 0.1796 | best 0.1796 | val_acc 0.1757 | best_val 0.1757 | 0.26s | cum 34.6s
epoch   160 | train_acc 0.1966 | best 0.1966 | 0.20s | cum 36.6s
epoch   170 | train_acc 0.2149 | best 0.2159 | 0.20s | cum 38.7s
epoch   180 | train_acc 0.2343 | best 0.2343 | 0.20s | cum 40.8s
epoch   190 | train_acc 0.2560 | best 0.2560 | 0.20s | cum 42.8s
epoch   200 | train_acc 0.2794 | best 0.2794 | val_acc 0.3102 | best_val 0.3102 | 0.27s | cum 44.9s
epoch   210 | train_acc 0.3059 | best 0.3059 | 0.20s | cum 46.9s
epoch   220 | train_acc 0.3273 | best 0.3273 | 0.20s | cum 48.9s
epoch   230 | train_acc 0.3569 | best 0.3569 | 0.20s | cum 50.9s
epoch   240 | train_acc 0.3900 | best 0.3907 | 0.20s | cum 53.0s
epoch   250 | train_acc 0.4339 | best 0.4339 | val_acc 0.6008 | best_val 0.6008 | 0.27s | cum 55.0s
epoch   260 | train_acc 0.4748 | best 0.4748 | 0.20s | cum 57.0s
epoch   270 | train_acc 0.5141 | best 0.5141 | 0.20s | cum 59.0s
epoch   280 | train_acc 0.5407 | best 0.5422 | 0.20s | cum 61.0s
epoch   290 | train_acc 0.5663 | best 0.5663 | 0.19s | cum 63.0s
epoch   300 | train_acc 0.5896 | best 0.5896 | val_acc 0.7497 | best_val 0.7497 | 0.25s | cum 65.0s
epoch   310 | train_acc 0.6061 | best 0.6061 | 0.25s | cum 66.9s
epoch   320 | train_acc 0.6220 | best 0.6220 | 0.19s | cum 68.8s
epoch   330 | train_acc 0.6332 | best 0.6332 | 0.19s | cum 70.7s
epoch   340 | train_acc 0.6490 | best 0.6490 | 0.19s | cum 72.7s
epoch   350 | train_acc 0.6577 | best 0.6577 | val_acc 0.8022 | best_val 0.8022 | 0.25s | cum 74.7s
epoch   360 | train_acc 0.6677 | best 0.6677 | 0.19s | cum 76.6s
epoch   370 | train_acc 0.6738 | best 0.6738 | 0.19s | cum 78.5s
epoch   380 | train_acc 0.6872 | best 0.6872 | 0.18s | cum 80.5s
epoch   390 | train_acc 0.6947 | best 0.6947 | 0.19s | cum 82.4s
epoch   400 | train_acc 0.6964 | best 0.6973 | val_acc 0.8193 | best_val 0.8193 | 0.25s | cum 84.5s
epoch   410 | train_acc 0.7037 | best 0.7037 | 0.19s | cum 86.3s
epoch   420 | train_acc 0.7104 | best 0.7104 | 0.26s | cum 88.3s
epoch   430 | train_acc 0.7159 | best 0.7159 | 0.19s | cum 90.2s
epoch   440 | train_acc 0.7242 | best 0.7242 | 0.19s | cum 92.1s
epoch   450 | train_acc 0.7296 | best 0.7311 | val_acc 0.8452 | best_val 0.8452 | 0.25s | cum 94.1s
epoch   460 | train_acc 0.7357 | best 0.7371 | 0.18s | cum 96.0s
epoch   470 | train_acc 0.7427 | best 0.7428 | 0.19s | cum 98.0s
epoch   480 | train_acc 0.7457 | best 0.7470 | 0.19s | cum 99.9s
epoch   490 | train_acc 0.7499 | best 0.7512 | 0.19s | cum 101.9s
epoch   500 | train_acc 0.7561 | best 0.7561 | val_acc 0.8551 | best_val 0.8551 | 0.25s | cum 103.9s
epoch   510 | train_acc 0.7562 | best 0.7568 | 0.19s | cum 105.8s
epoch   520 | train_acc 0.7603 | best 0.7610 | 0.19s | cum 107.7s
epoch   530 | train_acc 0.7607 | best 0.7625 | 0.24s | cum 109.6s
epoch   540 | train_acc 0.7671 | best 0.7671 | 0.19s | cum 111.5s
epoch   550 | train_acc 0.7668 | best 0.7685 | val_acc 0.8643 | best_val 0.8643 | 0.25s | cum 113.5s
epoch   560 | train_acc 0.7677 | best 0.7685 | 0.19s | cum 115.4s
epoch   570 | train_acc 0.7720 | best 0.7725 | 0.19s | cum 117.4s
epoch   580 | train_acc 0.7745 | best 0.7752 | 0.19s | cum 119.3s
epoch   590 | train_acc 0.7777 | best 0.7786 | 0.19s | cum 121.3s
epoch   600 | train_acc 0.7811 | best 0.7811 | val_acc 0.8663 | best_val 0.8663 | 0.25s | cum 123.3s
epoch   610 | train_acc 0.7813 | best 0.7819 | 0.19s | cum 125.1s
epoch   620 | train_acc 0.7842 | best 0.7846 | 0.19s | cum 127.1s
epoch   630 | train_acc 0.7832 | best 0.7857 | 0.19s | cum 129.1s
epoch   640 | train_acc 0.7849 | best 0.7864 | 0.24s | cum 131.0s
epoch   650 | train_acc 0.7886 | best 0.7895 | val_acc 0.8695 | best_val 0.8695 | 0.25s | cum 132.9s
epoch   660 | train_acc 0.7910 | best 0.7910 | 0.19s | cum 134.8s
epoch   670 | train_acc 0.7944 | best 0.7944 | 0.19s | cum 136.7s
epoch   680 | train_acc 0.7955 | best 0.7955 | 0.19s | cum 138.7s
epoch   690 | train_acc 0.7960 | best 0.7968 | 0.19s | cum 140.6s
epoch   700 | train_acc 0.7986 | best 0.7995 | val_acc 0.8789 | best_val 0.8789 | 0.25s | cum 142.6s
epoch   710 | train_acc 0.7978 | best 0.8019 | 0.19s | cum 144.5s
epoch   720 | train_acc 0.8012 | best 0.8027 | 0.18s | cum 146.4s
epoch   730 | train_acc 0.8021 | best 0.8041 | 0.19s | cum 148.4s
epoch   740 | train_acc 0.8068 | best 0.8068 | 0.19s | cum 150.3s
epoch   750 | train_acc 0.8047 | best 0.8097 | val_acc 0.8844 | best_val 0.8844 | 0.32s | cum 152.3s
epoch   760 | train_acc 0.8092 | best 0.8097 | 0.19s | cum 154.1s
epoch   770 | train_acc 0.8074 | best 0.8110 | 0.19s | cum 156.1s
epoch   780 | train_acc 0.8107 | best 0.8116 | 0.24s | cum 158.0s
epoch   790 | train_acc 0.8103 | best 0.8136 | 0.18s | cum 160.0s
epoch   800 | train_acc 0.8126 | best 0.8137 | val_acc 0.8867 | best_val 0.8867 | 0.25s | cum 162.0s
epoch   810 | train_acc 0.8138 | best 0.8156 | 0.19s | cum 163.8s
epoch   820 | train_acc 0.8172 | best 0.8172 | 0.19s | cum 165.8s
epoch   830 | train_acc 0.8164 | best 0.8183 | 0.19s | cum 167.7s
epoch   840 | train_acc 0.8208 | best 0.8209 | 0.19s | cum 169.7s
epoch   850 | train_acc 0.8203 | best 0.8209 | val_acc 0.8892 | best_val 0.8892 | 0.25s | cum 171.7s
epoch   860 | train_acc 0.8213 | best 0.8213 | 0.25s | cum 173.6s
epoch   870 | train_acc 0.8199 | best 0.8223 | 0.19s | cum 175.4s
epoch   880 | train_acc 0.8229 | best 0.8238 | 0.19s | cum 177.4s
epoch   890 | train_acc 0.8232 | best 0.8260 | 0.18s | cum 179.3s
epoch   900 | train_acc 0.8250 | best 0.8260 | val_acc 0.8893 | best_val 0.8893 | 0.25s | cum 181.3s
epoch   910 | train_acc 0.8256 | best 0.8275 | 0.19s | cum 183.2s
epoch   920 | train_acc 0.8285 | best 0.8285 | 0.19s | cum 185.1s
epoch   930 | train_acc 0.8298 | best 0.8298 | 0.19s | cum 187.0s
epoch   940 | train_acc 0.8284 | best 0.8298 | 0.19s | cum 189.0s
epoch   950 | train_acc 0.8293 | best 0.8298 | val_acc 0.8898 | best_val 0.8898 | 0.25s | cum 191.1s
epoch   960 | train_acc 0.8295 | best 0.8307 | 0.19s | cum 192.9s
epoch   970 | train_acc 0.8306 | best 0.8314 | 0.25s | cum 194.9s
epoch   980 | train_acc 0.8316 | best 0.8325 | 0.19s | cum 196.7s
epoch   990 | train_acc 0.8337 | best 0.8337 | 0.19s | cum 198.7s
epoch  1000 | train_acc 0.8337 | best 0.8355 | val_acc 0.8911 | best_val 0.8911 | 0.25s | cum 200.7s
epoch  1010 | train_acc 0.8335 | best 0.8355 | 0.19s | cum 202.6s
epoch  1020 | train_acc 0.8356 | best 0.8356 | 0.19s | cum 204.5s
epoch  1030 | train_acc 0.8371 | best 0.8371 | 0.19s | cum 206.4s
epoch  1040 | train_acc 0.8360 | best 0.8377 | 0.19s | cum 208.4s
epoch  1050 | train_acc 0.8363 | best 0.8377 | val_acc 0.8919 | best_val 0.8919 | 0.25s | cum 210.4s
epoch  1060 | train_acc 0.8375 | best 0.8386 | 0.19s | cum 212.3s
epoch  1070 | train_acc 0.8383 | best 0.8394 | 0.19s | cum 214.2s
epoch  1080 | train_acc 0.8397 | best 0.8409 | 0.26s | cum 216.1s
epoch  1090 | train_acc 0.8383 | best 0.8414 | 0.19s | cum 218.1s
epoch  1100 | train_acc 0.8409 | best 0.8426 | val_acc 0.8947 | best_val 0.8947 | 0.25s | cum 220.1s
epoch  1110 | train_acc 0.8417 | best 0.8426 | 0.19s | cum 221.9s
epoch  1120 | train_acc 0.8445 | best 0.8445 | 0.19s | cum 223.9s
epoch  1130 | train_acc 0.8430 | best 0.8462 | 0.19s | cum 225.8s
epoch  1140 | train_acc 0.8437 | best 0.8465 | 0.19s | cum 227.8s
epoch  1150 | train_acc 0.8456 | best 0.8465 | val_acc 0.8964 | best_val 0.8964 | 0.25s | cum 229.8s
epoch  1160 | train_acc 0.8450 | best 0.8465 | 0.19s | cum 231.7s
epoch  1170 | train_acc 0.8450 | best 0.8465 | 0.19s | cum 233.6s
epoch  1180 | train_acc 0.8458 | best 0.8471 | 0.19s | cum 235.6s
epoch  1190 | train_acc 0.8454 | best 0.8471 | 0.25s | cum 237.5s
epoch  1200 | train_acc 0.8455 | best 0.8472 | val_acc 0.8978 | best_val 0.8978 | 0.25s | cum 239.4s
epoch  1210 | train_acc 0.8471 | best 0.8481 | 0.19s | cum 241.3s
epoch  1220 | train_acc 0.8469 | best 0.8493 | 0.18s | cum 243.2s
epoch  1230 | train_acc 0.8472 | best 0.8500 | 0.19s | cum 245.2s
epoch  1240 | train_acc 0.8501 | best 0.8501 | 0.19s | cum 247.1s
epoch  1250 | train_acc 0.8501 | best 0.8507 | val_acc 0.8973 | best_val 0.8978 | 0.25s | cum 249.2s
epoch  1260 | train_acc 0.8485 | best 0.8507 | 0.19s | cum 251.1s
epoch  1270 | train_acc 0.8475 | best 0.8507 | 0.19s | cum 253.0s
epoch  1280 | train_acc 0.8504 | best 0.8511 | 0.19s | cum 255.0s
epoch  1290 | train_acc 0.8514 | best 0.8514 | 0.19s | cum 256.9s
epoch  1300 | train_acc 0.8539 | best 0.8539 | val_acc 0.9001 | best_val 0.9001 | 0.32s | cum 258.9s
epoch  1310 | train_acc 0.8517 | best 0.8539 | 0.19s | cum 260.8s
epoch  1320 | train_acc 0.8553 | best 0.8553 | 0.19s | cum 262.7s
epoch  1330 | train_acc 0.8522 | best 0.8554 | 0.19s | cum 264.6s
epoch  1340 | train_acc 0.8511 | best 0.8554 | 0.18s | cum 266.6s
epoch  1350 | train_acc 0.8522 | best 0.8554 | val_acc 0.8993 | best_val 0.9001 | 0.25s | cum 268.6s
epoch  1360 | train_acc 0.8529 | best 0.8554 | 0.19s | cum 270.5s
epoch  1370 | train_acc 0.8537 | best 0.8554 | 0.19s | cum 272.4s
epoch  1380 | train_acc 0.8533 | best 0.8554 | 0.19s | cum 274.3s
epoch  1390 | train_acc 0.8544 | best 0.8554 | 0.19s | cum 276.3s
epoch  1400 | train_acc 0.8555 | best 0.8566 | val_acc 0.8991 | best_val 0.9001 | 0.25s | cum 278.4s
epoch  1410 | train_acc 0.8558 | best 0.8567 | 0.25s | cum 280.3s
epoch  1420 | train_acc 0.8577 | best 0.8577 | 0.19s | cum 282.1s
epoch  1430 | train_acc 0.8556 | best 0.8577 | 0.19s | cum 284.0s
epoch  1440 | train_acc 0.8552 | best 0.8577 | 0.19s | cum 286.0s
epoch  1450 | train_acc 0.8560 | best 0.8581 | val_acc 0.8997 | best_val 0.9001 | 0.25s | cum 288.0s
epoch  1460 | train_acc 0.8566 | best 0.8581 | 0.19s | cum 289.9s
epoch  1470 | train_acc 0.8579 | best 0.8589 | 0.19s | cum 291.8s
epoch  1480 | train_acc 0.8602 | best 0.8602 | 0.19s | cum 293.8s
epoch  1490 | train_acc 0.8571 | best 0.8602 | 0.19s | cum 295.7s
epoch  1500 | train_acc 0.8575 | best 0.8602 | val_acc 0.8990 | best_val 0.9001 | 0.25s | cum 297.7s
epoch  1510 | train_acc 0.8587 | best 0.8602 | 0.19s | cum 299.6s
epoch  1520 | train_acc 0.8594 | best 0.8602 | 0.19s | cum 301.5s
epoch  1530 | train_acc 0.8581 | best 0.8606 | 0.26s | cum 303.4s
epoch  1540 | train_acc 0.8577 | best 0.8608 | 0.19s | cum 305.3s
epoch  1550 | train_acc 0.8600 | best 0.8608 | val_acc 0.9013 | best_val 0.9013 | 0.25s | cum 307.3s
epoch  1560 | train_acc 0.8591 | best 0.8618 | 0.19s | cum 309.2s
epoch  1570 | train_acc 0.8599 | best 0.8618 | 0.19s | cum 311.1s
epoch  1580 | train_acc 0.8607 | best 0.8618 | 0.19s | cum 313.1s
epoch  1590 | train_acc 0.8589 | best 0.8628 | 0.19s | cum 315.0s
epoch  1600 | train_acc 0.8617 | best 0.8628 | val_acc 0.9006 | best_val 0.9013 | 0.25s | cum 317.0s
epoch  1610 | train_acc 0.8617 | best 0.8637 | 0.19s | cum 318.9s
epoch  1620 | train_acc 0.8620 | best 0.8637 | 0.19s | cum 320.9s
epoch  1630 | train_acc 0.8605 | best 0.8637 | 0.19s | cum 322.8s
epoch  1640 | train_acc 0.8603 | best 0.8637 | 0.25s | cum 324.7s
epoch  1650 | train_acc 0.8621 | best 0.8637 | val_acc 0.8985 | best_val 0.9013 | 0.25s | cum 326.7s
epoch  1660 | train_acc 0.8622 | best 0.8637 | 0.19s | cum 328.6s
epoch  1670 | train_acc 0.8639 | best 0.8639 | 0.19s | cum 330.5s
epoch  1680 | train_acc 0.8626 | best 0.8648 | 0.19s | cum 332.5s
epoch  1690 | train_acc 0.8641 | best 0.8648 | 0.19s | cum 334.4s
epoch  1700 | train_acc 0.8636 | best 0.8648 | val_acc 0.9026 | best_val 0.9026 | 0.25s | cum 336.4s
epoch  1710 | train_acc 0.8649 | best 0.8649 | 0.19s | cum 338.4s
epoch  1720 | train_acc 0.8624 | best 0.8649 | 0.19s | cum 340.3s
epoch  1730 | train_acc 0.8632 | best 0.8650 | 0.19s | cum 342.3s
epoch  1740 | train_acc 0.8652 | best 0.8652 | 0.19s | cum 344.2s
epoch  1750 | train_acc 0.8653 | best 0.8653 | val_acc 0.9056 | best_val 0.9056 | 0.32s | cum 346.2s
epoch  1760 | train_acc 0.8637 | best 0.8666 | 0.19s | cum 348.1s
epoch  1770 | train_acc 0.8647 | best 0.8666 | 0.19s | cum 350.0s
epoch  1780 | train_acc 0.8639 | best 0.8672 | 0.19s | cum 351.9s
epoch  1790 | train_acc 0.8654 | best 0.8672 | 0.19s | cum 353.9s
epoch  1800 | train_acc 0.8658 | best 0.8672 | val_acc 0.9048 | best_val 0.9056 | 0.25s | cum 355.9s
epoch  1810 | train_acc 0.8649 | best 0.8672 | 0.19s | cum 357.8s
epoch  1820 | train_acc 0.8685 | best 0.8685 | 0.19s | cum 359.7s
epoch  1830 | train_acc 0.8668 | best 0.8685 | 0.19s | cum 361.6s
epoch  1840 | train_acc 0.8665 | best 0.8685 | 0.19s | cum 363.6s
epoch  1850 | train_acc 0.8672 | best 0.8685 | val_acc 0.9078 | best_val 0.9078 | 0.25s | cum 365.6s
epoch  1860 | train_acc 0.8675 | best 0.8685 | 0.26s | cum 367.5s
epoch  1870 | train_acc 0.8683 | best 0.8690 | 0.19s | cum 369.4s
epoch  1880 | train_acc 0.8665 | best 0.8690 | 0.19s | cum 371.3s
epoch  1890 | train_acc 0.8670 | best 0.8690 | 0.19s | cum 373.3s
epoch  1900 | train_acc 0.8688 | best 0.8699 | val_acc 0.9042 | best_val 0.9078 | 0.25s | cum 375.3s
epoch  1910 | train_acc 0.8666 | best 0.8699 | 0.19s | cum 377.2s
epoch  1920 | train_acc 0.8688 | best 0.8703 | 0.19s | cum 379.2s
epoch  1930 | train_acc 0.8695 | best 0.8703 | 0.19s | cum 381.2s
epoch  1940 | train_acc 0.8678 | best 0.8703 | 0.19s | cum 383.1s
epoch  1950 | train_acc 0.8679 | best 0.8703 | val_acc 0.9080 | best_val 0.9080 | 0.25s | cum 385.1s
epoch  1960 | train_acc 0.8688 | best 0.8703 | 0.19s | cum 387.1s
epoch  1970 | train_acc 0.8677 | best 0.8703 | 0.26s | cum 389.0s
epoch  1980 | train_acc 0.8682 | best 0.8710 | 0.19s | cum 390.9s
epoch  1990 | train_acc 0.8700 | best 0.8710 | 0.19s | cum 392.9s
epoch  2000 | train_acc 0.8714 | best 0.8715 | val_acc 0.9094 | best_val 0.9094 | 0.30s | cum 394.9s
epoch  2010 | train_acc 0.8701 | best 0.8715 | 0.21s | cum 397.2s
epoch  2020 | train_acc 0.8690 | best 0.8726 | 0.19s | cum 399.2s
epoch  2030 | train_acc 0.8711 | best 0.8726 | 0.19s | cum 401.1s
epoch  2040 | train_acc 0.8711 | best 0.8736 | 0.19s | cum 403.1s
epoch  2050 | train_acc 0.8720 | best 0.8736 | val_acc 0.9112 | best_val 0.9112 | 0.25s | cum 405.1s
epoch  2060 | train_acc 0.8706 | best 0.8736 | 0.19s | cum 407.0s
epoch  2070 | train_acc 0.8717 | best 0.8736 | 0.19s | cum 409.0s
epoch  2080 | train_acc 0.8720 | best 0.8736 | 0.19s | cum 410.9s
epoch  2090 | train_acc 0.8729 | best 0.8736 | 0.19s | cum 412.9s
epoch  2100 | train_acc 0.8721 | best 0.8736 | val_acc 0.9092 | best_val 0.9112 | 0.32s | cum 414.9s
epoch  2110 | train_acc 0.8723 | best 0.8740 | 0.19s | cum 416.7s
epoch  2120 | train_acc 0.8731 | best 0.8740 | 0.19s | cum 418.6s
epoch  2130 | train_acc 0.8758 | best 0.8758 | 0.19s | cum 420.5s
epoch  2140 | train_acc 0.8749 | best 0.8758 | 0.19s | cum 422.5s
epoch  2150 | train_acc 0.8731 | best 0.8758 | val_acc 0.9098 | best_val 0.9112 | 0.25s | cum 424.5s
epoch  2160 | train_acc 0.8712 | best 0.8758 | 0.19s | cum 426.3s
epoch  2170 | train_acc 0.8725 | best 0.8758 | 0.19s | cum 428.3s
epoch  2180 | train_acc 0.8732 | best 0.8758 | 0.19s | cum 430.3s
epoch  2190 | train_acc 0.8733 | best 0.8758 | 0.19s | cum 432.2s
epoch  2200 | train_acc 0.8747 | best 0.8758 | val_acc 0.9109 | best_val 0.9112 | 0.25s | cum 434.2s
epoch  2210 | train_acc 0.8754 | best 0.8758 | 0.19s | cum 436.1s
epoch  2220 | train_acc 0.8751 | best 0.8758 | 0.26s | cum 438.1s
epoch  2230 | train_acc 0.8744 | best 0.8758 | 0.19s | cum 440.0s
epoch  2240 | train_acc 0.8742 | best 0.8758 | 0.19s | cum 442.0s
epoch  2250 | train_acc 0.8754 | best 0.8767 | val_acc 0.9090 | best_val 0.9112 | 0.25s | cum 444.0s
epoch  2260 | train_acc 0.8740 | best 0.8773 | 0.19s | cum 445.9s
epoch  2270 | train_acc 0.8747 | best 0.8773 | 0.19s | cum 447.9s
epoch  2280 | train_acc 0.8743 | best 0.8773 | 0.19s | cum 449.9s
epoch  2290 | train_acc 0.8749 | best 0.8773 | 0.19s | cum 451.8s
epoch  2300 | train_acc 0.8767 | best 0.8776 | val_acc 0.9101 | best_val 0.9112 | 0.25s | cum 453.8s
epoch  2310 | train_acc 0.8786 | best 0.8786 | 0.19s | cum 455.8s
epoch  2320 | train_acc 0.8785 | best 0.8793 | 0.18s | cum 457.8s
epoch  2330 | train_acc 0.8771 | best 0.8793 | 0.26s | cum 459.8s
epoch  2340 | train_acc 0.8782 | best 0.8793 | 0.19s | cum 461.7s
epoch  2350 | train_acc 0.8776 | best 0.8794 | val_acc 0.9089 | best_val 0.9112 | 0.25s | cum 463.7s
epoch  2360 | train_acc 0.8779 | best 0.8794 | 0.19s | cum 465.6s
epoch  2370 | train_acc 0.8787 | best 0.8794 | 0.19s | cum 467.6s
epoch  2380 | train_acc 0.8768 | best 0.8794 | 0.20s | cum 469.6s
epoch  2390 | train_acc 0.8787 | best 0.8794 | 0.21s | cum 471.7s
epoch  2400 | train_acc 0.8776 | best 0.8794 | val_acc 0.9110 | best_val 0.9112 | 0.26s | cum 473.8s
epoch  2410 | train_acc 0.8796 | best 0.8802 | 0.19s | cum 475.7s
epoch  2420 | train_acc 0.8774 | best 0.8802 | 0.20s | cum 477.7s
epoch  2430 | train_acc 0.8788 | best 0.8802 | 0.19s | cum 479.7s
epoch  2440 | train_acc 0.8783 | best 0.8802 | 0.19s | cum 481.7s
epoch  2450 | train_acc 0.8780 | best 0.8802 | val_acc 0.9090 | best_val 0.9112 | 0.32s | cum 483.7s
epoch  2460 | train_acc 0.8781 | best 0.8802 | 0.19s | cum 485.6s
epoch  2470 | train_acc 0.8787 | best 0.8802 | 0.19s | cum 487.5s
epoch  2480 | train_acc 0.8795 | best 0.8802 | 0.19s | cum 489.5s
epoch  2490 | train_acc 0.8791 | best 0.8804 | 0.19s | cum 491.5s
epoch  2500 | train_acc 0.8788 | best 0.8813 | val_acc 0.9077 | best_val 0.9112 | 0.25s | cum 493.5s
epoch  2510 | train_acc 0.8805 | best 0.8813 | 0.19s | cum 495.4s
epoch  2520 | train_acc 0.8774 | best 0.8813 | 0.19s | cum 497.4s
epoch  2530 | train_acc 0.8786 | best 0.8813 | 0.19s | cum 499.3s
epoch  2540 | train_acc 0.8797 | best 0.8813 | 0.19s | cum 501.3s
epoch  2550 | train_acc 0.8800 | best 0.8813 | val_acc 0.9124 | best_val 0.9124 | 0.25s | cum 503.4s
epoch  2560 | train_acc 0.8792 | best 0.8813 | 0.26s | cum 505.3s
epoch  2570 | train_acc 0.8801 | best 0.8818 | 0.19s | cum 507.2s
epoch  2580 | train_acc 0.8795 | best 0.8818 | 0.19s | cum 509.1s
epoch  2590 | train_acc 0.8812 | best 0.8818 | 0.19s | cum 511.0s
epoch  2600 | train_acc 0.8804 | best 0.8821 | val_acc 0.9105 | best_val 0.9124 | 0.25s | cum 513.0s
epoch  2610 | train_acc 0.8799 | best 0.8821 | 0.19s | cum 514.9s
epoch  2620 | train_acc 0.8792 | best 0.8821 | 0.21s | cum 516.9s
epoch  2630 | train_acc 0.8786 | best 0.8821 | 0.19s | cum 518.9s
epoch  2640 | train_acc 0.8801 | best 0.8821 | 0.19s | cum 520.8s
epoch  2650 | train_acc 0.8790 | best 0.8821 | val_acc 0.9119 | best_val 0.9124 | 0.25s | cum 522.8s
epoch  2660 | train_acc 0.8800 | best 0.8821 | 0.19s | cum 524.7s
epoch  2670 | train_acc 0.8810 | best 0.8823 | 0.26s | cum 526.7s
epoch  2680 | train_acc 0.8818 | best 0.8823 | 0.19s | cum 528.5s
epoch  2690 | train_acc 0.8795 | best 0.8823 | 0.19s | cum 530.5s
epoch  2700 | train_acc 0.8801 | best 0.8823 | val_acc 0.9124 | best_val 0.9124 | 0.25s | cum 532.5s
epoch  2710 | train_acc 0.8811 | best 0.8823 | 0.19s | cum 534.4s
epoch  2720 | train_acc 0.8806 | best 0.8832 | 0.19s | cum 536.3s
epoch  2730 | train_acc 0.8818 | best 0.8832 | 0.19s | cum 538.3s
epoch  2740 | train_acc 0.8814 | best 0.8838 | 0.19s | cum 540.2s
epoch  2750 | train_acc 0.8823 | best 0.8838 | val_acc 0.9084 | best_val 0.9124 | 0.25s | cum 542.2s
epoch  2760 | train_acc 0.8829 | best 0.8838 | 0.19s | cum 544.1s
epoch  2770 | train_acc 0.8831 | best 0.8845 | 0.19s | cum 546.1s
epoch  2780 | train_acc 0.8825 | best 0.8847 | 0.26s | cum 548.0s
epoch  2790 | train_acc 0.8819 | best 0.8847 | 0.19s | cum 549.9s
epoch  2800 | train_acc 0.8822 | best 0.8847 | val_acc 0.9123 | best_val 0.9124 | 0.25s | cum 551.9s
epoch  2810 | train_acc 0.8835 | best 0.8847 | 0.19s | cum 553.8s
epoch  2820 | train_acc 0.8828 | best 0.8847 | 0.19s | cum 555.8s
epoch  2830 | train_acc 0.8814 | best 0.8847 | 0.18s | cum 557.7s
epoch  2840 | train_acc 0.8821 | best 0.8847 | 0.19s | cum 559.6s
epoch  2850 | train_acc 0.8812 | best 0.8847 | val_acc 0.9135 | best_val 0.9135 | 0.25s | cum 561.7s
epoch  2860 | train_acc 0.8822 | best 0.8847 | 0.19s | cum 563.6s
epoch  2870 | train_acc 0.8836 | best 0.8847 | 0.19s | cum 565.5s
epoch  2880 | train_acc 0.8821 | best 0.8847 | 0.19s | cum 567.5s
epoch  2890 | train_acc 0.8807 | best 0.8849 | 0.26s | cum 569.4s
epoch  2900 | train_acc 0.8831 | best 0.8849 | val_acc 0.9137 | best_val 0.9137 | 0.25s | cum 571.3s
epoch  2910 | train_acc 0.8842 | best 0.8849 | 0.19s | cum 573.2s
epoch  2920 | train_acc 0.8840 | best 0.8854 | 0.19s | cum 575.2s
epoch  2930 | train_acc 0.8840 | best 0.8855 | 0.19s | cum 577.2s
epoch  2940 | train_acc 0.8828 | best 0.8855 | 0.19s | cum 579.1s
epoch  2950 | train_acc 0.8850 | best 0.8855 | val_acc 0.9133 | best_val 0.9137 | 0.25s | cum 581.1s
epoch  2960 | train_acc 0.8852 | best 0.8855 | 0.19s | cum 583.0s
epoch  2970 | train_acc 0.8826 | best 0.8861 | 0.19s | cum 584.9s
epoch  2980 | train_acc 0.8852 | best 0.8861 | 0.19s | cum 586.9s
epoch  2990 | train_acc 0.8852 | best 0.8862 | 0.18s | cum 588.8s
epoch  2999 | train_acc 0.8832 | best 0.8868 | 0.19s | cum 590.5s
best_val = 0.9137 | best_train = 0.8868
Done.
